#
# Copyright (C) 2017-2019 Dremio Corporation
#
# Licensed under the Apache License, Version 2.0 (the "License");
# you may not use this file except in compliance with the License.
# You may obtain a copy of the License at
#
#     http://www.apache.org/licenses/LICENSE-2.0
#
# Unless required by applicable law or agreed to in writing, software
# distributed under the License is distributed on an "AS IS" BASIS,
# WITHOUT WARRANTIES OR CONDITIONS OF ANY KIND, either express or implied.
# See the License for the specific language governing permissions and
# limitations under the License.
#

---
 -
  description: "ALTERNATE"
  input: "ALTERNATE"
  output:
    name: "ALTERNATE"
    overloads:
     -
      className: "JAVA - SqlFunctionImpl"
      dynamic: false
      incrementalRefreshAllowed: true
      nonDeterministic: true
      planCacheAllowed: false
      reflectionAllowed: true
 -
  description: "ALTERNATE3"
  input: "ALTERNATE3"
  output:
    name: "ALTERNATE3"
    overloads:
     -
      className: "JAVA - SqlFunctionImpl"
      dynamic: false
      incrementalRefreshAllowed: true
      nonDeterministic: true
      planCacheAllowed: false
      reflectionAllowed: true
 -
  description: "CURRENT_CATALOG"
  input: "CURRENT_CATALOG"
  output:
    name: "CURRENT_CATALOG"
    overloads:
     -
      className: "SqlStringContextVariable"
      dynamic: true
      incrementalRefreshAllowed: false
      nonDeterministic: false
      planCacheAllowed: false
      reflectionAllowed: false
 -
  description: "CURRENT_DATE"
  input: "CURRENT_DATE"
  output:
    name: "CURRENT_DATE"
    overloads:
     -
      className: "SqlCurrentDateFunction"
      dynamic: true
      incrementalRefreshAllowed: false
      nonDeterministic: false
      planCacheAllowed: false
      reflectionAllowed: true
     -
      className: "JAVA - SqlFunctionImpl"
      dynamic: true
      incrementalRefreshAllowed: false
      nonDeterministic: false
      planCacheAllowed: false
      reflectionAllowed: true
 -
  description: "CURRENT_DATE_UTC"
  input: "CURRENT_DATE_UTC"
  output:
    name: "CURRENT_DATE_UTC"
    overloads:
     -
      className: "DremioSqlFunction"
      dynamic: true
      incrementalRefreshAllowed: false
      nonDeterministic: false
      planCacheAllowed: false
      reflectionAllowed: true
     -
      className: "JAVA - SqlFunctionImpl"
      dynamic: true
      incrementalRefreshAllowed: false
      nonDeterministic: false
      planCacheAllowed: false
      reflectionAllowed: true
 -
  description: "CURRENT_PATH"
  input: "CURRENT_PATH"
  output:
    name: "CURRENT_PATH"
    overloads:
     -
      className: "SqlStringContextVariable"
      dynamic: true
      incrementalRefreshAllowed: false
      nonDeterministic: false
      planCacheAllowed: false
      reflectionAllowed: false
 -
  description: "CURRENT_ROLE"
  input: "CURRENT_ROLE"
  output:
    name: "CURRENT_ROLE"
    overloads:
     -
      className: "SqlStringContextVariable"
      dynamic: true
      incrementalRefreshAllowed: false
      nonDeterministic: false
      planCacheAllowed: false
      reflectionAllowed: false
 -
  description: "CURRENT_SCHEMA"
  input: "CURRENT_SCHEMA"
  output:
    name: "CURRENT_SCHEMA"
    overloads:
     -
      className: "SqlStringContextVariable"
      dynamic: true
      incrementalRefreshAllowed: false
      nonDeterministic: false
      planCacheAllowed: false
      reflectionAllowed: false
     -
      className: "JAVA - SqlFunctionImpl"
      dynamic: true
      incrementalRefreshAllowed: false
      nonDeterministic: false
      planCacheAllowed: false
      reflectionAllowed: false
 -
  description: "CURRENT_TIME"
  input: "CURRENT_TIME"
  output:
    name: "CURRENT_TIME"
    overloads:
     -
      className: "SqlAbstractTimeFunction"
      dynamic: true
      incrementalRefreshAllowed: false
      nonDeterministic: false
      planCacheAllowed: false
      reflectionAllowed: true
     -
      className: "JAVA - SqlFunctionImpl"
      dynamic: true
      incrementalRefreshAllowed: false
      nonDeterministic: false
      planCacheAllowed: false
      reflectionAllowed: true
 -
  description: "CURRENT_TIMESTAMP"
  input: "CURRENT_TIMESTAMP"
  output:
    name: "CURRENT_TIMESTAMP"
    overloads:
     -
      className: "SqlAbstractTimeFunction"
      dynamic: true
      incrementalRefreshAllowed: false
      nonDeterministic: false
      planCacheAllowed: false
      reflectionAllowed: true
     -
      className: "JAVA - SqlFunctionImpl"
      dynamic: true
      incrementalRefreshAllowed: false
      nonDeterministic: false
      planCacheAllowed: false
      reflectionAllowed: true
 -
  description: "CURRENT_TIMESTAMP_UTC"
  input: "CURRENT_TIMESTAMP_UTC"
  output:
    name: "CURRENT_TIMESTAMP_UTC"
    overloads:
     -
      className: "DremioSqlFunction"
      dynamic: true
      incrementalRefreshAllowed: false
      nonDeterministic: false
      planCacheAllowed: false
      reflectionAllowed: true
     -
      className: "JAVA - SqlFunctionImpl"
      dynamic: true
      incrementalRefreshAllowed: false
      nonDeterministic: false
      planCacheAllowed: false
      reflectionAllowed: true
 -
  description: "CURRENT_TIME_UTC"
  input: "CURRENT_TIME_UTC"
  output:
    name: "CURRENT_TIME_UTC"
    overloads:
     -
      className: "DremioSqlFunction"
      dynamic: true
      incrementalRefreshAllowed: false
      nonDeterministic: false
      planCacheAllowed: false
      reflectionAllowed: true
     -
      className: "JAVA - SqlFunctionImpl"
      dynamic: true
      incrementalRefreshAllowed: false
      nonDeterministic: false
      planCacheAllowed: false
      reflectionAllowed: true
 -
  description: "CURRENT_USER"
  input: "CURRENT_USER"
  output:
    name: "CURRENT_USER"
    overloads:
     -
      className: "SqlStringContextVariable"
      dynamic: true
      incrementalRefreshAllowed: false
      nonDeterministic: false
      planCacheAllowed: false
      reflectionAllowed: false
 -
  description: "FLATTEN"
  input: "FLATTEN"
  output:
    name: "FLATTEN"
    overloads:
     -
      className: "SqlFlattenOperator"
      dynamic: false
      incrementalRefreshAllowed: true
      nonDeterministic: true
      planCacheAllowed: true
      reflectionAllowed: true
 -
  description: "IS_MEMBER"
  input: "IS_MEMBER"
  output:
    name: "IS_MEMBER"
    overloads:
     -
      className: "DremioSqlFunction"
      dynamic: true
      incrementalRefreshAllowed: false
      nonDeterministic: false
      planCacheAllowed: false
      reflectionAllowed: false
 -
  description: "LAST_QUERY_ID"
  input: "LAST_QUERY_ID"
  output:
    name: "LAST_QUERY_ID"
    overloads:
     -
      className: ""
      dynamic: true
      incrementalRefreshAllowed: false
      nonDeterministic: false
      planCacheAllowed: false
      reflectionAllowed: false
     -
      className: "JAVA - SqlFunctionImpl"
      dynamic: true
      incrementalRefreshAllowed: false
      nonDeterministic: false
      planCacheAllowed: false
      reflectionAllowed: false
 -
  description: "LOCALTIME"
  input: "LOCALTIME"
  output:
    name: "LOCALTIME"
    overloads:
     -
      className: "SqlAbstractTimeFunction"
      dynamic: true
      incrementalRefreshAllowed: false
      nonDeterministic: false
      planCacheAllowed: false
      reflectionAllowed: true
     -
      className: "JAVA - SqlFunctionImpl"
      dynamic: true
      incrementalRefreshAllowed: false
      nonDeterministic: false
      planCacheAllowed: false
      reflectionAllowed: true
 -
  description: "LOCALTIMESTAMP"
  input: "LOCALTIMESTAMP"
  output:
    name: "LOCALTIMESTAMP"
    overloads:
     -
      className: "SqlAbstractTimeFunction"
      dynamic: true
      incrementalRefreshAllowed: false
      nonDeterministic: false
      planCacheAllowed: false
      reflectionAllowed: true
     -
      className: "JAVA - SqlFunctionImpl"
      dynamic: true
      incrementalRefreshAllowed: false
      nonDeterministic: false
      planCacheAllowed: false
      reflectionAllowed: true
 -
  description: "NOW"
  input: "NOW"
  output:
    name: "NOW"
    overloads:
     -
      className: "DremioSqlFunction"
      dynamic: true
      incrementalRefreshAllowed: false
      nonDeterministic: false
      planCacheAllowed: false
      reflectionAllowed: true
     -
      className: "JAVA - SqlFunctionImpl"
      dynamic: true
      incrementalRefreshAllowed: false
      nonDeterministic: false
      planCacheAllowed: false
      reflectionAllowed: true
 -
  description: "QUERY_USER"
  input: "QUERY_USER"
  output:
    name: "QUERY_USER"
    overloads:
     -
      className: "DremioSqlFunction"
      dynamic: true
      incrementalRefreshAllowed: false
      nonDeterministic: false
      planCacheAllowed: false
      reflectionAllowed: false
     -
      className: "JAVA - SqlFunctionImpl"
      dynamic: true
      incrementalRefreshAllowed: false
      nonDeterministic: false
      planCacheAllowed: false
      reflectionAllowed: false
 -
  description: "RAND"
  input: "RAND"
  output:
    name: "RAND"
    overloads:
     -
      className: "DremioSqlFunction"
      dynamic: false
      incrementalRefreshAllowed: true
      nonDeterministic: true
      planCacheAllowed: false
      reflectionAllowed: true
     -
      className: "SqlRandFunction"
      dynamic: true
      incrementalRefreshAllowed: false
      nonDeterministic: true
      planCacheAllowed: false
      reflectionAllowed: false
     -
      className: "JAVA - SqlFunctionImpl"
      dynamic: false
      incrementalRefreshAllowed: true
      nonDeterministic: true
      planCacheAllowed: false
      reflectionAllowed: true
     -
      className: "JAVA - SqlFunctionImpl"
      dynamic: false
      incrementalRefreshAllowed: true
      nonDeterministic: true
      planCacheAllowed: false
      reflectionAllowed: true
     -
      className: "GANDIVA - SqlFunctionImpl"
      dynamic: false
      incrementalRefreshAllowed: true
      nonDeterministic: false
      planCacheAllowed: true
      reflectionAllowed: true
 -
  description: "RANDOM"
  input: "RANDOM"
  output:
    name: "RANDOM"
    overloads:
     -
      className: "JAVA - SqlFunctionImpl"
      dynamic: false
      incrementalRefreshAllowed: true
      nonDeterministic: true
      planCacheAllowed: false
      reflectionAllowed: true
     -
      className: "JAVA - SqlFunctionImpl"
      dynamic: false
      incrementalRefreshAllowed: true
      nonDeterministic: true
      planCacheAllowed: false
      reflectionAllowed: true
     -
      className: "GANDIVA - SqlFunctionImpl"
      dynamic: false
      incrementalRefreshAllowed: true
      nonDeterministic: false
      planCacheAllowed: true
      reflectionAllowed: true
 -
  description: "RAND_INTEGER"
  input: "RAND_INTEGER"
  output:
    name: "RAND_INTEGER"
    overloads:
     -
      className: "SqlRandIntegerFunction"
      dynamic: true
      incrementalRefreshAllowed: false
      nonDeterministic: false
      planCacheAllowed: false
      reflectionAllowed: false
 -
  description: "SAMPLE"
  input: "SAMPLE"
  output:
    name: "SAMPLE"
    overloads:
     -
      className: "JAVA - SqlFunctionImpl"
      dynamic: false
      incrementalRefreshAllowed: true
      nonDeterministic: true
      planCacheAllowed: false
      reflectionAllowed: true
 -
  description: "SESSION_USER"
  input: "SESSION_USER"
  output:
    name: "SESSION_USER"
    overloads:
     -
      className: "DremioSqlFunction"
      dynamic: true
      incrementalRefreshAllowed: false
      nonDeterministic: false
      planCacheAllowed: false
      reflectionAllowed: false
     -
      className: "SqlStringContextVariable"
      dynamic: true
      incrementalRefreshAllowed: false
      nonDeterministic: false
      planCacheAllowed: false
      reflectionAllowed: false
     -
      className: "JAVA - SqlFunctionImpl"
      dynamic: true
      incrementalRefreshAllowed: false
      nonDeterministic: false
      planCacheAllowed: false
      reflectionAllowed: false
 -
  description: "STATEMENT_TIMESTAMP"
  input: "STATEMENT_TIMESTAMP"
  output:
    name: "STATEMENT_TIMESTAMP"
    overloads:
     -
      className: "DremioSqlFunction"
      dynamic: true
      incrementalRefreshAllowed: false
      nonDeterministic: false
      planCacheAllowed: false
      reflectionAllowed: true
     -
      className: "JAVA - SqlFunctionImpl"
      dynamic: true
      incrementalRefreshAllowed: false
      nonDeterministic: false
      planCacheAllowed: false
      reflectionAllowed: true
 -
  description: "SYSTEM_USER"
  input: "SYSTEM_USER"
  output:
    name: "SYSTEM_USER"
    overloads:
     -
      className: "DremioSqlFunction"
      dynamic: true
      incrementalRefreshAllowed: false
      nonDeterministic: false
      planCacheAllowed: false
      reflectionAllowed: false
     -
      className: "SqlStringContextVariable"
      dynamic: true
      incrementalRefreshAllowed: false
      nonDeterministic: false
      planCacheAllowed: false
      reflectionAllowed: false
     -
      className: "JAVA - SqlFunctionImpl"
      dynamic: true
      incrementalRefreshAllowed: false
      nonDeterministic: false
      planCacheAllowed: false
      reflectionAllowed: false
 -
  description: "TIMEOFDAY"
  input: "TIMEOFDAY"
  output:
    name: "TIMEOFDAY"
    overloads:
     -
      className: "DremioSqlFunction"
      dynamic: true
      incrementalRefreshAllowed: false
      nonDeterministic: false
      planCacheAllowed: false
      reflectionAllowed: true
     -
      className: "JAVA - SqlFunctionImpl"
      dynamic: true
      incrementalRefreshAllowed: false
      nonDeterministic: false
      planCacheAllowed: false
      reflectionAllowed: true
 -
  description: "TRANSACTION_TIMESTAMP"
  input: "TRANSACTION_TIMESTAMP"
  output:
    name: "TRANSACTION_TIMESTAMP"
    overloads:
     -
      className: "DremioSqlFunction"
      dynamic: true
      incrementalRefreshAllowed: false
      nonDeterministic: false
      planCacheAllowed: false
      reflectionAllowed: true
     -
      className: "JAVA - SqlFunctionImpl"
      dynamic: true
      incrementalRefreshAllowed: false
      nonDeterministic: false
      planCacheAllowed: false
      reflectionAllowed: true
 -
  description: "UNIX_TIMESTAMP"
  input: "UNIX_TIMESTAMP"
  output:
    name: "UNIX_TIMESTAMP"
    overloads:
     -
      className: "DremioSqlFunction"
      dynamic: true
      incrementalRefreshAllowed: false
      nonDeterministic: false
      planCacheAllowed: false
      reflectionAllowed: true
     -
      className: "JAVA - SqlFunctionImpl"
      dynamic: true
      incrementalRefreshAllowed: false
      nonDeterministic: false
      planCacheAllowed: false
      reflectionAllowed: true
     -
      className: "JAVA - SqlFunctionImpl"
      dynamic: true
      incrementalRefreshAllowed: false
      nonDeterministic: false
      planCacheAllowed: false
      reflectionAllowed: true
     -
      className: "JAVA - SqlFunctionImpl"
      dynamic: true
      incrementalRefreshAllowed: false
      nonDeterministic: false
      planCacheAllowed: false
      reflectionAllowed: true
 -
  description: "USER"
  input: "USER"
  output:
    name: "USER"
    overloads:
     -
      className: "DremioSqlFunction"
      dynamic: true
      incrementalRefreshAllowed: false
      nonDeterministic: false
      planCacheAllowed: false
      reflectionAllowed: false
     -
      className: "SqlStringContextVariable"
      dynamic: true
      incrementalRefreshAllowed: false
      nonDeterministic: false
      planCacheAllowed: false
      reflectionAllowed: false
     -
      className: "JAVA - SqlFunctionImpl"
      dynamic: true
      incrementalRefreshAllowed: false
      nonDeterministic: false
      planCacheAllowed: false
      reflectionAllowed: false
 -
  description: "__THROWEXCEPTION"
  input: "__THROWEXCEPTION"
  output:
    name: "__THROWEXCEPTION"
    overloads:
     -
      className: "JAVA - SqlFunctionImpl"
      dynamic: false
      incrementalRefreshAllowed: true
      nonDeterministic: true
      planCacheAllowed: false
      reflectionAllowed: true

