#
# Copyright (C) 2017-2019 Dremio Corporation
#
# Licensed under the Apache License, Version 2.0 (the "License");
# you may not use this file except in compliance with the License.
# You may obtain a copy of the License at
#
#     http://www.apache.org/licenses/LICENSE-2.0
#
# Unless required by applicable law or agreed to in writing, software
# distributed under the License is distributed on an "AS IS" BASIS,
# WITHOUT WARRANTIES OR CONDITIONS OF ANY KIND, either express or implied.
# See the License for the specific language governing permissions and
# limitations under the License.
#

---
 -
  description: "CALL TABULAR UDF"
  input:
    maxDepth: 3
    prefix: "SELECT * FROM TABLE ( myTabularUdf(1)"
  output:
    paths:
     - "SELECT * FROM TABLE ( myTabularUdf ( 1 ) "
     - "SELECT * FROM TABLE ( myTabularUdf ( 1 ) ) "
     - "SELECT * FROM TABLE ( myTabularUdf ( 1 ) ) myIdentifier "
     - "SELECT * FROM TABLE ( myTabularUdf ( 1 ) ) myIdentifier WHERE "
     - "SELECT * FROM TABLE ( myTabularUdf ( 1 ) ) myIdentifier , "
     - "SELECT * FROM TABLE ( myTabularUdf ( 1 ) ) myIdentifier WINDOW "
     - "SELECT * FROM TABLE ( myTabularUdf ( 1 ) ) myIdentifier GROUP "
     - "SELECT * FROM TABLE ( myTabularUdf ( 1 ) ) myIdentifier ORDER "
     - "SELECT * FROM TABLE ( myTabularUdf ( 1 ) ) myIdentifier ( "
     - "SELECT * FROM TABLE ( myTabularUdf ( 1 ) ) myIdentifier JOIN "
     - "SELECT * FROM TABLE ( myTabularUdf ( 1 ) ) myIdentifier OFFSET "
     - "SELECT * FROM TABLE ( myTabularUdf ( 1 ) ) myIdentifier HAVING "
     - "SELECT * FROM TABLE ( myTabularUdf ( 1 ) ) myIdentifier UNION "
     - "SELECT * FROM TABLE ( myTabularUdf ( 1 ) ) myIdentifier LIMIT "
     - "SELECT * FROM TABLE ( myTabularUdf ( 1 ) ) myIdentifier NATURAL "
     - "SELECT * FROM TABLE ( myTabularUdf ( 1 ) ) myIdentifier FETCH "
     - "SELECT * FROM TABLE ( myTabularUdf ( 1 ) ) myIdentifier LEFT "
     - "SELECT * FROM TABLE ( myTabularUdf ( 1 ) ) myIdentifier INNER "
     - "SELECT * FROM TABLE ( myTabularUdf ( 1 ) ) myIdentifier TABLESAMPLE "
     - "SELECT * FROM TABLE ( myTabularUdf ( 1 ) ) myIdentifier CROSS "
     - "SELECT * FROM TABLE ( myTabularUdf ( 1 ) ) myIdentifier EXCEPT "
     - "SELECT * FROM TABLE ( myTabularUdf ( 1 ) ) myIdentifier FULL "
     - "SELECT * FROM TABLE ( myTabularUdf ( 1 ) ) myIdentifier INTERSECT "
     - "SELECT * FROM TABLE ( myTabularUdf ( 1 ) ) myIdentifier MINUS "
     - "SELECT * FROM TABLE ( myTabularUdf ( 1 ) ) myIdentifier OUTER "
     - "SELECT * FROM TABLE ( myTabularUdf ( 1 ) ) myIdentifier QUALIFY "
     - "SELECT * FROM TABLE ( myTabularUdf ( 1 ) ) myIdentifier RIGHT "
     - "SELECT * FROM TABLE ( myTabularUdf ( 1 ) ) AS "
     - "SELECT * FROM TABLE ( myTabularUdf ( 1 ) ) AS myIdentifier "
     - "SELECT * FROM TABLE ( myTabularUdf ( 1 ) ) ORDER "
     - "SELECT * FROM TABLE ( myTabularUdf ( 1 ) ) ORDER BY "
     - "SELECT * FROM TABLE ( myTabularUdf ( 1 ) ) , "
     - "SELECT * FROM TABLE ( myTabularUdf ( 1 ) ) , myIdentifier "
     - "SELECT * FROM TABLE ( myTabularUdf ( 1 ) ) , ( "
     - "SELECT * FROM TABLE ( myTabularUdf ( 1 ) ) , LATERAL "
     - "SELECT * FROM TABLE ( myTabularUdf ( 1 ) ) , UNNEST "
     - "SELECT * FROM TABLE ( myTabularUdf ( 1 ) ) , TABLE "
     - "SELECT * FROM TABLE ( myTabularUdf ( 1 ) ) GROUP "
     - "SELECT * FROM TABLE ( myTabularUdf ( 1 ) ) GROUP BY "
     - "SELECT * FROM TABLE ( myTabularUdf ( 1 ) ) WHERE "
     - "SELECT * FROM TABLE ( myTabularUdf ( 1 ) ) WHERE myIdentifier "
     - "SELECT * FROM TABLE ( myTabularUdf ( 1 ) ) WHERE EXISTS "
     - "SELECT * FROM TABLE ( myTabularUdf ( 1 ) ) WHERE NOT "
     - "SELECT * FROM TABLE ( myTabularUdf ( 1 ) ) WHERE ( "
     - "SELECT * FROM TABLE ( myTabularUdf ( 1 ) ) WHERE + "
     - "SELECT * FROM TABLE ( myTabularUdf ( 1 ) ) WHERE - "
     - "SELECT * FROM TABLE ( myTabularUdf ( 1 ) ) WHERE ? "
     - "SELECT * FROM TABLE ( myTabularUdf ( 1 ) ) WHERE ARRAY "
     - "SELECT * FROM TABLE ( myTabularUdf ( 1 ) ) WHERE CASE "
     - "SELECT * FROM TABLE ( myTabularUdf ( 1 ) ) WHERE CEILING "
     - "SELECT * FROM TABLE ( myTabularUdf ( 1 ) ) WHERE CONTAINS( "
     - "SELECT * FROM TABLE ( myTabularUdf ( 1 ) ) WHERE CURRENT "
     - "SELECT * FROM TABLE ( myTabularUdf ( 1 ) ) WHERE CURRENT_DEFAULT_TRANSFORM_GROUP "
     - "SELECT * FROM TABLE ( myTabularUdf ( 1 ) ) WHERE CURSOR "
     - "SELECT * FROM TABLE ( myTabularUdf ( 1 ) ) WHERE DATE "
     - "SELECT * FROM TABLE ( myTabularUdf ( 1 ) ) WHERE FALSE "
     - "SELECT * FROM TABLE ( myTabularUdf ( 1 ) ) WHERE INTERVAL "
     - "SELECT * FROM TABLE ( myTabularUdf ( 1 ) ) WHERE JSON_ARRAY "
     - "SELECT * FROM TABLE ( myTabularUdf ( 1 ) ) WHERE JSON_ARRAYAGG "
     - "SELECT * FROM TABLE ( myTabularUdf ( 1 ) ) WHERE JSON_EXISTS "
     - "SELECT * FROM TABLE ( myTabularUdf ( 1 ) ) WHERE JSON_OBJECT "
     - "SELECT * FROM TABLE ( myTabularUdf ( 1 ) ) WHERE JSON_OBJECTAGG "
     - "SELECT * FROM TABLE ( myTabularUdf ( 1 ) ) WHERE JSON_QUERY "
     - "SELECT * FROM TABLE ( myTabularUdf ( 1 ) ) WHERE JSON_VALUE "
     - "SELECT * FROM TABLE ( myTabularUdf ( 1 ) ) WHERE LEFT "
     - "SELECT * FROM TABLE ( myTabularUdf ( 1 ) ) WHERE MATCH_NUMBER "
     - "SELECT * FROM TABLE ( myTabularUdf ( 1 ) ) WHERE MULTISET "
     - "SELECT * FROM TABLE ( myTabularUdf ( 1 ) ) WHERE NEW "
     - "SELECT * FROM TABLE ( myTabularUdf ( 1 ) ) WHERE NULL "
     - "SELECT * FROM TABLE ( myTabularUdf ( 1 ) ) WHERE PERIOD "
     - "SELECT * FROM TABLE ( myTabularUdf ( 1 ) ) WHERE RIGHT "
     - "SELECT * FROM TABLE ( myTabularUdf ( 1 ) ) WHERE ROW "
     - "SELECT * FROM TABLE ( myTabularUdf ( 1 ) ) WHERE RUNNING "
     - "SELECT * FROM TABLE ( myTabularUdf ( 1 ) ) WHERE SPECIFIC "
     - "SELECT * FROM TABLE ( myTabularUdf ( 1 ) ) WHERE TIME "
     - "SELECT * FROM TABLE ( myTabularUdf ( 1 ) ) WHERE TIMESTAMP "
     - "SELECT * FROM TABLE ( myTabularUdf ( 1 ) ) WHERE TRUE "
     - "SELECT * FROM TABLE ( myTabularUdf ( 1 ) ) WHERE UNKNOWN "
     - "SELECT * FROM TABLE ( myTabularUdf ( 1 ) ) JOIN "
     - "SELECT * FROM TABLE ( myTabularUdf ( 1 ) ) JOIN myIdentifier "
     - "SELECT * FROM TABLE ( myTabularUdf ( 1 ) ) JOIN ( "
     - "SELECT * FROM TABLE ( myTabularUdf ( 1 ) ) JOIN LATERAL "
     - "SELECT * FROM TABLE ( myTabularUdf ( 1 ) ) JOIN TABLE "
     - "SELECT * FROM TABLE ( myTabularUdf ( 1 ) ) JOIN UNNEST "
     - "SELECT * FROM TABLE ( myTabularUdf ( 1 ) ) AT "
     - "SELECT * FROM TABLE ( myTabularUdf ( 1 ) ) AT myIdentifier "
     - "SELECT * FROM TABLE ( myTabularUdf ( 1 ) ) AT ( "
     - "SELECT * FROM TABLE ( myTabularUdf ( 1 ) ) AT + "
     - "SELECT * FROM TABLE ( myTabularUdf ( 1 ) ) AT - "
     - "SELECT * FROM TABLE ( myTabularUdf ( 1 ) ) AT ? "
     - "SELECT * FROM TABLE ( myTabularUdf ( 1 ) ) AT ARRAY "
     - "SELECT * FROM TABLE ( myTabularUdf ( 1 ) ) AT CASE "
     - "SELECT * FROM TABLE ( myTabularUdf ( 1 ) ) AT CEILING "
     - "SELECT * FROM TABLE ( myTabularUdf ( 1 ) ) AT CONTAINS( "
     - "SELECT * FROM TABLE ( myTabularUdf ( 1 ) ) AT CURRENT "
     - "SELECT * FROM TABLE ( myTabularUdf ( 1 ) ) AT CURRENT_DEFAULT_TRANSFORM_GROUP "
     - "SELECT * FROM TABLE ( myTabularUdf ( 1 ) ) AT CURSOR "
     - "SELECT * FROM TABLE ( myTabularUdf ( 1 ) ) AT DATE "
     - "SELECT * FROM TABLE ( myTabularUdf ( 1 ) ) AT EXISTS "
     - "SELECT * FROM TABLE ( myTabularUdf ( 1 ) ) AT FALSE "
     - "SELECT * FROM TABLE ( myTabularUdf ( 1 ) ) AT INTERVAL "
     - "SELECT * FROM TABLE ( myTabularUdf ( 1 ) ) AT JSON_ARRAY "
     - "SELECT * FROM TABLE ( myTabularUdf ( 1 ) ) AT JSON_ARRAYAGG "
     - "SELECT * FROM TABLE ( myTabularUdf ( 1 ) ) AT JSON_EXISTS "
     - "SELECT * FROM TABLE ( myTabularUdf ( 1 ) ) AT JSON_OBJECT "
     - "SELECT * FROM TABLE ( myTabularUdf ( 1 ) ) AT JSON_OBJECTAGG "
     - "SELECT * FROM TABLE ( myTabularUdf ( 1 ) ) AT JSON_QUERY "
     - "SELECT * FROM TABLE ( myTabularUdf ( 1 ) ) AT JSON_VALUE "
     - "SELECT * FROM TABLE ( myTabularUdf ( 1 ) ) AT LEFT "
     - "SELECT * FROM TABLE ( myTabularUdf ( 1 ) ) AT MATCH_NUMBER "
     - "SELECT * FROM TABLE ( myTabularUdf ( 1 ) ) AT MULTISET "
     - "SELECT * FROM TABLE ( myTabularUdf ( 1 ) ) AT NEW "
     - "SELECT * FROM TABLE ( myTabularUdf ( 1 ) ) AT NOT "
     - "SELECT * FROM TABLE ( myTabularUdf ( 1 ) ) AT NULL "
     - "SELECT * FROM TABLE ( myTabularUdf ( 1 ) ) AT PERIOD "
     - "SELECT * FROM TABLE ( myTabularUdf ( 1 ) ) AT REF "
     - "SELECT * FROM TABLE ( myTabularUdf ( 1 ) ) AT RIGHT "
     - "SELECT * FROM TABLE ( myTabularUdf ( 1 ) ) AT ROW "
     - "SELECT * FROM TABLE ( myTabularUdf ( 1 ) ) AT RUNNING "
     - "SELECT * FROM TABLE ( myTabularUdf ( 1 ) ) AT SPECIFIC "
     - "SELECT * FROM TABLE ( myTabularUdf ( 1 ) ) AT TIME "
     - "SELECT * FROM TABLE ( myTabularUdf ( 1 ) ) AT TIMESTAMP "
     - "SELECT * FROM TABLE ( myTabularUdf ( 1 ) ) AT TRUE "
     - "SELECT * FROM TABLE ( myTabularUdf ( 1 ) ) AT UNKNOWN "
     - "SELECT * FROM TABLE ( myTabularUdf ( 1 ) ) CROSS "
     - "SELECT * FROM TABLE ( myTabularUdf ( 1 ) ) CROSS APPLY "
     - "SELECT * FROM TABLE ( myTabularUdf ( 1 ) ) CROSS JOIN "
     - "SELECT * FROM TABLE ( myTabularUdf ( 1 ) ) EXCEPT "
     - "SELECT * FROM TABLE ( myTabularUdf ( 1 ) ) EXCEPT myIdentifier "
     - "SELECT * FROM TABLE ( myTabularUdf ( 1 ) ) EXCEPT ALL "
     - "SELECT * FROM TABLE ( myTabularUdf ( 1 ) ) EXCEPT DISTINCT "
     - "SELECT * FROM TABLE ( myTabularUdf ( 1 ) ) EXCEPT MULTISET "
     - "SELECT * FROM TABLE ( myTabularUdf ( 1 ) ) EXCEPT ( "
     - "SELECT * FROM TABLE ( myTabularUdf ( 1 ) ) EXCEPT + "
     - "SELECT * FROM TABLE ( myTabularUdf ( 1 ) ) EXCEPT - "
     - "SELECT * FROM TABLE ( myTabularUdf ( 1 ) ) EXCEPT ? "
     - "SELECT * FROM TABLE ( myTabularUdf ( 1 ) ) EXCEPT ARRAY "
     - "SELECT * FROM TABLE ( myTabularUdf ( 1 ) ) EXCEPT CASE "
     - "SELECT * FROM TABLE ( myTabularUdf ( 1 ) ) EXCEPT CEILING "
     - "SELECT * FROM TABLE ( myTabularUdf ( 1 ) ) EXCEPT CONTAINS( "
     - "SELECT * FROM TABLE ( myTabularUdf ( 1 ) ) EXCEPT CURRENT "
     - "SELECT * FROM TABLE ( myTabularUdf ( 1 ) ) EXCEPT CURRENT_DEFAULT_TRANSFORM_GROUP "
     - "SELECT * FROM TABLE ( myTabularUdf ( 1 ) ) EXCEPT CURSOR "
     - "SELECT * FROM TABLE ( myTabularUdf ( 1 ) ) EXCEPT DATE "
     - "SELECT * FROM TABLE ( myTabularUdf ( 1 ) ) EXCEPT EXISTS "
     - "SELECT * FROM TABLE ( myTabularUdf ( 1 ) ) EXCEPT FALSE "
     - "SELECT * FROM TABLE ( myTabularUdf ( 1 ) ) EXCEPT INTERVAL "
     - "SELECT * FROM TABLE ( myTabularUdf ( 1 ) ) EXCEPT JSON_ARRAY "
     - "SELECT * FROM TABLE ( myTabularUdf ( 1 ) ) EXCEPT JSON_ARRAYAGG "
     - "SELECT * FROM TABLE ( myTabularUdf ( 1 ) ) EXCEPT JSON_EXISTS "
     - "SELECT * FROM TABLE ( myTabularUdf ( 1 ) ) EXCEPT JSON_OBJECT "
     - "SELECT * FROM TABLE ( myTabularUdf ( 1 ) ) EXCEPT JSON_OBJECTAGG "
     - "SELECT * FROM TABLE ( myTabularUdf ( 1 ) ) EXCEPT JSON_QUERY "
     - "SELECT * FROM TABLE ( myTabularUdf ( 1 ) ) EXCEPT JSON_VALUE "
     - "SELECT * FROM TABLE ( myTabularUdf ( 1 ) ) EXCEPT LEFT "
     - "SELECT * FROM TABLE ( myTabularUdf ( 1 ) ) EXCEPT MATCH_NUMBER "
     - "SELECT * FROM TABLE ( myTabularUdf ( 1 ) ) EXCEPT NEW "
     - "SELECT * FROM TABLE ( myTabularUdf ( 1 ) ) EXCEPT NOT "
     - "SELECT * FROM TABLE ( myTabularUdf ( 1 ) ) EXCEPT NULL "
     - "SELECT * FROM TABLE ( myTabularUdf ( 1 ) ) EXCEPT PERIOD "
     - "SELECT * FROM TABLE ( myTabularUdf ( 1 ) ) EXCEPT RIGHT "
     - "SELECT * FROM TABLE ( myTabularUdf ( 1 ) ) EXCEPT ROW "
     - "SELECT * FROM TABLE ( myTabularUdf ( 1 ) ) EXCEPT RUNNING "
     - "SELECT * FROM TABLE ( myTabularUdf ( 1 ) ) EXCEPT SELECT "
     - "SELECT * FROM TABLE ( myTabularUdf ( 1 ) ) EXCEPT SPECIFIC "
     - "SELECT * FROM TABLE ( myTabularUdf ( 1 ) ) EXCEPT TABLE "
     - "SELECT * FROM TABLE ( myTabularUdf ( 1 ) ) EXCEPT TIME "
     - "SELECT * FROM TABLE ( myTabularUdf ( 1 ) ) EXCEPT TIMESTAMP "
     - "SELECT * FROM TABLE ( myTabularUdf ( 1 ) ) EXCEPT TRUE "
     - "SELECT * FROM TABLE ( myTabularUdf ( 1 ) ) EXCEPT UNKNOWN "
     - "SELECT * FROM TABLE ( myTabularUdf ( 1 ) ) EXCEPT VALUES "
     - "SELECT * FROM TABLE ( myTabularUdf ( 1 ) ) FETCH "
     - "SELECT * FROM TABLE ( myTabularUdf ( 1 ) ) FULL "
     - "SELECT * FROM TABLE ( myTabularUdf ( 1 ) ) FULL JOIN "
     - "SELECT * FROM TABLE ( myTabularUdf ( 1 ) ) FULL OUTER "
     - "SELECT * FROM TABLE ( myTabularUdf ( 1 ) ) HAVING "
     - "SELECT * FROM TABLE ( myTabularUdf ( 1 ) ) HAVING myIdentifier "
     - "SELECT * FROM TABLE ( myTabularUdf ( 1 ) ) HAVING ( "
     - "SELECT * FROM TABLE ( myTabularUdf ( 1 ) ) HAVING + "
     - "SELECT * FROM TABLE ( myTabularUdf ( 1 ) ) HAVING - "
     - "SELECT * FROM TABLE ( myTabularUdf ( 1 ) ) HAVING ? "
     - "SELECT * FROM TABLE ( myTabularUdf ( 1 ) ) HAVING ARRAY "
     - "SELECT * FROM TABLE ( myTabularUdf ( 1 ) ) HAVING CASE "
     - "SELECT * FROM TABLE ( myTabularUdf ( 1 ) ) HAVING CEILING "
     - "SELECT * FROM TABLE ( myTabularUdf ( 1 ) ) HAVING CONTAINS( "
     - "SELECT * FROM TABLE ( myTabularUdf ( 1 ) ) HAVING CURRENT "
     - "SELECT * FROM TABLE ( myTabularUdf ( 1 ) ) HAVING CURRENT_DEFAULT_TRANSFORM_GROUP "
     - "SELECT * FROM TABLE ( myTabularUdf ( 1 ) ) HAVING CURSOR "
     - "SELECT * FROM TABLE ( myTabularUdf ( 1 ) ) HAVING DATE "
     - "SELECT * FROM TABLE ( myTabularUdf ( 1 ) ) HAVING EXISTS "
     - "SELECT * FROM TABLE ( myTabularUdf ( 1 ) ) HAVING FALSE "
     - "SELECT * FROM TABLE ( myTabularUdf ( 1 ) ) HAVING INTERVAL "
     - "SELECT * FROM TABLE ( myTabularUdf ( 1 ) ) HAVING JSON_ARRAY "
     - "SELECT * FROM TABLE ( myTabularUdf ( 1 ) ) HAVING JSON_ARRAYAGG "
     - "SELECT * FROM TABLE ( myTabularUdf ( 1 ) ) HAVING JSON_EXISTS "
     - "SELECT * FROM TABLE ( myTabularUdf ( 1 ) ) HAVING JSON_OBJECT "
     - "SELECT * FROM TABLE ( myTabularUdf ( 1 ) ) HAVING JSON_OBJECTAGG "
     - "SELECT * FROM TABLE ( myTabularUdf ( 1 ) ) HAVING JSON_QUERY "
     - "SELECT * FROM TABLE ( myTabularUdf ( 1 ) ) HAVING JSON_VALUE "
     - "SELECT * FROM TABLE ( myTabularUdf ( 1 ) ) HAVING LEFT "
     - "SELECT * FROM TABLE ( myTabularUdf ( 1 ) ) HAVING MATCH_NUMBER "
     - "SELECT * FROM TABLE ( myTabularUdf ( 1 ) ) HAVING MULTISET "
     - "SELECT * FROM TABLE ( myTabularUdf ( 1 ) ) HAVING NEW "
     - "SELECT * FROM TABLE ( myTabularUdf ( 1 ) ) HAVING NOT "
     - "SELECT * FROM TABLE ( myTabularUdf ( 1 ) ) HAVING NULL "
     - "SELECT * FROM TABLE ( myTabularUdf ( 1 ) ) HAVING PERIOD "
     - "SELECT * FROM TABLE ( myTabularUdf ( 1 ) ) HAVING RIGHT "
     - "SELECT * FROM TABLE ( myTabularUdf ( 1 ) ) HAVING ROW "
     - "SELECT * FROM TABLE ( myTabularUdf ( 1 ) ) HAVING RUNNING "
     - "SELECT * FROM TABLE ( myTabularUdf ( 1 ) ) HAVING SPECIFIC "
     - "SELECT * FROM TABLE ( myTabularUdf ( 1 ) ) HAVING TIME "
     - "SELECT * FROM TABLE ( myTabularUdf ( 1 ) ) HAVING TIMESTAMP "
     - "SELECT * FROM TABLE ( myTabularUdf ( 1 ) ) HAVING TRUE "
     - "SELECT * FROM TABLE ( myTabularUdf ( 1 ) ) HAVING UNKNOWN "
     - "SELECT * FROM TABLE ( myTabularUdf ( 1 ) ) INNER "
     - "SELECT * FROM TABLE ( myTabularUdf ( 1 ) ) INNER JOIN "
     - "SELECT * FROM TABLE ( myTabularUdf ( 1 ) ) INTERSECT "
     - "SELECT * FROM TABLE ( myTabularUdf ( 1 ) ) INTERSECT myIdentifier "
     - "SELECT * FROM TABLE ( myTabularUdf ( 1 ) ) INTERSECT ALL "
     - "SELECT * FROM TABLE ( myTabularUdf ( 1 ) ) INTERSECT DISTINCT "
     - "SELECT * FROM TABLE ( myTabularUdf ( 1 ) ) INTERSECT MULTISET "
     - "SELECT * FROM TABLE ( myTabularUdf ( 1 ) ) INTERSECT ( "
     - "SELECT * FROM TABLE ( myTabularUdf ( 1 ) ) INTERSECT + "
     - "SELECT * FROM TABLE ( myTabularUdf ( 1 ) ) INTERSECT - "
     - "SELECT * FROM TABLE ( myTabularUdf ( 1 ) ) INTERSECT ? "
     - "SELECT * FROM TABLE ( myTabularUdf ( 1 ) ) INTERSECT ARRAY "
     - "SELECT * FROM TABLE ( myTabularUdf ( 1 ) ) INTERSECT CASE "
     - "SELECT * FROM TABLE ( myTabularUdf ( 1 ) ) INTERSECT CEILING "
     - "SELECT * FROM TABLE ( myTabularUdf ( 1 ) ) INTERSECT CONTAINS( "
     - "SELECT * FROM TABLE ( myTabularUdf ( 1 ) ) INTERSECT CURRENT "
     - "SELECT * FROM TABLE ( myTabularUdf ( 1 ) ) INTERSECT CURRENT_DEFAULT_TRANSFORM_GROUP "
     - "SELECT * FROM TABLE ( myTabularUdf ( 1 ) ) INTERSECT CURSOR "
     - "SELECT * FROM TABLE ( myTabularUdf ( 1 ) ) INTERSECT DATE "
     - "SELECT * FROM TABLE ( myTabularUdf ( 1 ) ) INTERSECT EXISTS "
     - "SELECT * FROM TABLE ( myTabularUdf ( 1 ) ) INTERSECT FALSE "
     - "SELECT * FROM TABLE ( myTabularUdf ( 1 ) ) INTERSECT INTERVAL "
     - "SELECT * FROM TABLE ( myTabularUdf ( 1 ) ) INTERSECT JSON_ARRAY "
     - "SELECT * FROM TABLE ( myTabularUdf ( 1 ) ) INTERSECT JSON_ARRAYAGG "
     - "SELECT * FROM TABLE ( myTabularUdf ( 1 ) ) INTERSECT JSON_EXISTS "
     - "SELECT * FROM TABLE ( myTabularUdf ( 1 ) ) INTERSECT JSON_OBJECT "
     - "SELECT * FROM TABLE ( myTabularUdf ( 1 ) ) INTERSECT JSON_OBJECTAGG "
     - "SELECT * FROM TABLE ( myTabularUdf ( 1 ) ) INTERSECT JSON_QUERY "
     - "SELECT * FROM TABLE ( myTabularUdf ( 1 ) ) INTERSECT JSON_VALUE "
     - "SELECT * FROM TABLE ( myTabularUdf ( 1 ) ) INTERSECT LEFT "
     - "SELECT * FROM TABLE ( myTabularUdf ( 1 ) ) INTERSECT MATCH_NUMBER "
     - "SELECT * FROM TABLE ( myTabularUdf ( 1 ) ) INTERSECT NEW "
     - "SELECT * FROM TABLE ( myTabularUdf ( 1 ) ) INTERSECT NOT "
     - "SELECT * FROM TABLE ( myTabularUdf ( 1 ) ) INTERSECT NULL "
     - "SELECT * FROM TABLE ( myTabularUdf ( 1 ) ) INTERSECT PERIOD "
     - "SELECT * FROM TABLE ( myTabularUdf ( 1 ) ) INTERSECT RIGHT "
     - "SELECT * FROM TABLE ( myTabularUdf ( 1 ) ) INTERSECT ROW "
     - "SELECT * FROM TABLE ( myTabularUdf ( 1 ) ) INTERSECT RUNNING "
     - "SELECT * FROM TABLE ( myTabularUdf ( 1 ) ) INTERSECT SELECT "
     - "SELECT * FROM TABLE ( myTabularUdf ( 1 ) ) INTERSECT SPECIFIC "
     - "SELECT * FROM TABLE ( myTabularUdf ( 1 ) ) INTERSECT TABLE "
     - "SELECT * FROM TABLE ( myTabularUdf ( 1 ) ) INTERSECT TIME "
     - "SELECT * FROM TABLE ( myTabularUdf ( 1 ) ) INTERSECT TIMESTAMP "
     - "SELECT * FROM TABLE ( myTabularUdf ( 1 ) ) INTERSECT TRUE "
     - "SELECT * FROM TABLE ( myTabularUdf ( 1 ) ) INTERSECT UNKNOWN "
     - "SELECT * FROM TABLE ( myTabularUdf ( 1 ) ) INTERSECT VALUES "
     - "SELECT * FROM TABLE ( myTabularUdf ( 1 ) ) LEFT "
     - "SELECT * FROM TABLE ( myTabularUdf ( 1 ) ) LEFT JOIN "
     - "SELECT * FROM TABLE ( myTabularUdf ( 1 ) ) LEFT OUTER "
     - "SELECT * FROM TABLE ( myTabularUdf ( 1 ) ) LIMIT "
     - "SELECT * FROM TABLE ( myTabularUdf ( 1 ) ) LIMIT ? "
     - "SELECT * FROM TABLE ( myTabularUdf ( 1 ) ) LIMIT ALL "
     - "SELECT * FROM TABLE ( myTabularUdf ( 1 ) ) MINUS "
     - "SELECT * FROM TABLE ( myTabularUdf ( 1 ) ) MINUS myIdentifier "
     - "SELECT * FROM TABLE ( myTabularUdf ( 1 ) ) MINUS ( "
     - "SELECT * FROM TABLE ( myTabularUdf ( 1 ) ) MINUS + "
     - "SELECT * FROM TABLE ( myTabularUdf ( 1 ) ) MINUS - "
     - "SELECT * FROM TABLE ( myTabularUdf ( 1 ) ) MINUS ? "
     - "SELECT * FROM TABLE ( myTabularUdf ( 1 ) ) MINUS ALL "
     - "SELECT * FROM TABLE ( myTabularUdf ( 1 ) ) MINUS ARRAY "
     - "SELECT * FROM TABLE ( myTabularUdf ( 1 ) ) MINUS CASE "
     - "SELECT * FROM TABLE ( myTabularUdf ( 1 ) ) MINUS CEILING "
     - "SELECT * FROM TABLE ( myTabularUdf ( 1 ) ) MINUS CONTAINS( "
     - "SELECT * FROM TABLE ( myTabularUdf ( 1 ) ) MINUS CURRENT "
     - "SELECT * FROM TABLE ( myTabularUdf ( 1 ) ) MINUS CURRENT_DEFAULT_TRANSFORM_GROUP "
     - "SELECT * FROM TABLE ( myTabularUdf ( 1 ) ) MINUS CURSOR "
     - "SELECT * FROM TABLE ( myTabularUdf ( 1 ) ) MINUS DATE "
     - "SELECT * FROM TABLE ( myTabularUdf ( 1 ) ) MINUS DISTINCT "
     - "SELECT * FROM TABLE ( myTabularUdf ( 1 ) ) MINUS EXISTS "
     - "SELECT * FROM TABLE ( myTabularUdf ( 1 ) ) MINUS FALSE "
     - "SELECT * FROM TABLE ( myTabularUdf ( 1 ) ) MINUS INTERVAL "
     - "SELECT * FROM TABLE ( myTabularUdf ( 1 ) ) MINUS JSON_ARRAY "
     - "SELECT * FROM TABLE ( myTabularUdf ( 1 ) ) MINUS JSON_ARRAYAGG "
     - "SELECT * FROM TABLE ( myTabularUdf ( 1 ) ) MINUS JSON_EXISTS "
     - "SELECT * FROM TABLE ( myTabularUdf ( 1 ) ) MINUS JSON_OBJECT "
     - "SELECT * FROM TABLE ( myTabularUdf ( 1 ) ) MINUS JSON_OBJECTAGG "
     - "SELECT * FROM TABLE ( myTabularUdf ( 1 ) ) MINUS JSON_QUERY "
     - "SELECT * FROM TABLE ( myTabularUdf ( 1 ) ) MINUS JSON_VALUE "
     - "SELECT * FROM TABLE ( myTabularUdf ( 1 ) ) MINUS LEFT "
     - "SELECT * FROM TABLE ( myTabularUdf ( 1 ) ) MINUS MATCH_NUMBER "
     - "SELECT * FROM TABLE ( myTabularUdf ( 1 ) ) MINUS MULTISET "
     - "SELECT * FROM TABLE ( myTabularUdf ( 1 ) ) MINUS NEW "
     - "SELECT * FROM TABLE ( myTabularUdf ( 1 ) ) MINUS NOT "
     - "SELECT * FROM TABLE ( myTabularUdf ( 1 ) ) MINUS NULL "
     - "SELECT * FROM TABLE ( myTabularUdf ( 1 ) ) MINUS PERIOD "
     - "SELECT * FROM TABLE ( myTabularUdf ( 1 ) ) MINUS RIGHT "
     - "SELECT * FROM TABLE ( myTabularUdf ( 1 ) ) MINUS ROW "
     - "SELECT * FROM TABLE ( myTabularUdf ( 1 ) ) MINUS RUNNING "
     - "SELECT * FROM TABLE ( myTabularUdf ( 1 ) ) MINUS SELECT "
     - "SELECT * FROM TABLE ( myTabularUdf ( 1 ) ) MINUS SPECIFIC "
     - "SELECT * FROM TABLE ( myTabularUdf ( 1 ) ) MINUS TABLE "
     - "SELECT * FROM TABLE ( myTabularUdf ( 1 ) ) MINUS TIME "
     - "SELECT * FROM TABLE ( myTabularUdf ( 1 ) ) MINUS TIMESTAMP "
     - "SELECT * FROM TABLE ( myTabularUdf ( 1 ) ) MINUS TRUE "
     - "SELECT * FROM TABLE ( myTabularUdf ( 1 ) ) MINUS UNKNOWN "
     - "SELECT * FROM TABLE ( myTabularUdf ( 1 ) ) MINUS VALUES "
     - "SELECT * FROM TABLE ( myTabularUdf ( 1 ) ) NATURAL "
     - "SELECT * FROM TABLE ( myTabularUdf ( 1 ) ) NATURAL JOIN "
     - "SELECT * FROM TABLE ( myTabularUdf ( 1 ) ) NATURAL CROSS "
     - "SELECT * FROM TABLE ( myTabularUdf ( 1 ) ) NATURAL FULL "
     - "SELECT * FROM TABLE ( myTabularUdf ( 1 ) ) NATURAL INNER "
     - "SELECT * FROM TABLE ( myTabularUdf ( 1 ) ) NATURAL LEFT "
     - "SELECT * FROM TABLE ( myTabularUdf ( 1 ) ) NATURAL RIGHT "
     - "SELECT * FROM TABLE ( myTabularUdf ( 1 ) ) OFFSET "
     - "SELECT * FROM TABLE ( myTabularUdf ( 1 ) ) OFFSET ? "
     - "SELECT * FROM TABLE ( myTabularUdf ( 1 ) ) OUTER "
     - "SELECT * FROM TABLE ( myTabularUdf ( 1 ) ) OUTER APPLY "
     - "SELECT * FROM TABLE ( myTabularUdf ( 1 ) ) PIVOT "
     - "SELECT * FROM TABLE ( myTabularUdf ( 1 ) ) PIVOT ( "
     - "SELECT * FROM TABLE ( myTabularUdf ( 1 ) ) QUALIFY "
     - "SELECT * FROM TABLE ( myTabularUdf ( 1 ) ) QUALIFY myIdentifier "
     - "SELECT * FROM TABLE ( myTabularUdf ( 1 ) ) QUALIFY ( "
     - "SELECT * FROM TABLE ( myTabularUdf ( 1 ) ) QUALIFY + "
     - "SELECT * FROM TABLE ( myTabularUdf ( 1 ) ) QUALIFY - "
     - "SELECT * FROM TABLE ( myTabularUdf ( 1 ) ) QUALIFY ? "
     - "SELECT * FROM TABLE ( myTabularUdf ( 1 ) ) QUALIFY ARRAY "
     - "SELECT * FROM TABLE ( myTabularUdf ( 1 ) ) QUALIFY CASE "
     - "SELECT * FROM TABLE ( myTabularUdf ( 1 ) ) QUALIFY CEILING "
     - "SELECT * FROM TABLE ( myTabularUdf ( 1 ) ) QUALIFY CONTAINS( "
     - "SELECT * FROM TABLE ( myTabularUdf ( 1 ) ) QUALIFY CURRENT "
     - "SELECT * FROM TABLE ( myTabularUdf ( 1 ) ) QUALIFY CURRENT_DEFAULT_TRANSFORM_GROUP "
     - "SELECT * FROM TABLE ( myTabularUdf ( 1 ) ) QUALIFY CURSOR "
     - "SELECT * FROM TABLE ( myTabularUdf ( 1 ) ) QUALIFY DATE "
     - "SELECT * FROM TABLE ( myTabularUdf ( 1 ) ) QUALIFY EXISTS "
     - "SELECT * FROM TABLE ( myTabularUdf ( 1 ) ) QUALIFY FALSE "
     - "SELECT * FROM TABLE ( myTabularUdf ( 1 ) ) QUALIFY INTERVAL "
     - "SELECT * FROM TABLE ( myTabularUdf ( 1 ) ) QUALIFY JSON_ARRAY "
     - "SELECT * FROM TABLE ( myTabularUdf ( 1 ) ) QUALIFY JSON_ARRAYAGG "
     - "SELECT * FROM TABLE ( myTabularUdf ( 1 ) ) QUALIFY JSON_EXISTS "
     - "SELECT * FROM TABLE ( myTabularUdf ( 1 ) ) QUALIFY JSON_OBJECT "
     - "SELECT * FROM TABLE ( myTabularUdf ( 1 ) ) QUALIFY JSON_OBJECTAGG "
     - "SELECT * FROM TABLE ( myTabularUdf ( 1 ) ) QUALIFY JSON_QUERY "
     - "SELECT * FROM TABLE ( myTabularUdf ( 1 ) ) QUALIFY JSON_VALUE "
     - "SELECT * FROM TABLE ( myTabularUdf ( 1 ) ) QUALIFY LEFT "
     - "SELECT * FROM TABLE ( myTabularUdf ( 1 ) ) QUALIFY MATCH_NUMBER "
     - "SELECT * FROM TABLE ( myTabularUdf ( 1 ) ) QUALIFY MULTISET "
     - "SELECT * FROM TABLE ( myTabularUdf ( 1 ) ) QUALIFY NEW "
     - "SELECT * FROM TABLE ( myTabularUdf ( 1 ) ) QUALIFY NOT "
     - "SELECT * FROM TABLE ( myTabularUdf ( 1 ) ) QUALIFY NULL "
     - "SELECT * FROM TABLE ( myTabularUdf ( 1 ) ) QUALIFY PERIOD "
     - "SELECT * FROM TABLE ( myTabularUdf ( 1 ) ) QUALIFY RIGHT "
     - "SELECT * FROM TABLE ( myTabularUdf ( 1 ) ) QUALIFY ROW "
     - "SELECT * FROM TABLE ( myTabularUdf ( 1 ) ) QUALIFY RUNNING "
     - "SELECT * FROM TABLE ( myTabularUdf ( 1 ) ) QUALIFY SPECIFIC "
     - "SELECT * FROM TABLE ( myTabularUdf ( 1 ) ) QUALIFY TIME "
     - "SELECT * FROM TABLE ( myTabularUdf ( 1 ) ) QUALIFY TIMESTAMP "
     - "SELECT * FROM TABLE ( myTabularUdf ( 1 ) ) QUALIFY TRUE "
     - "SELECT * FROM TABLE ( myTabularUdf ( 1 ) ) QUALIFY UNKNOWN "
     - "SELECT * FROM TABLE ( myTabularUdf ( 1 ) ) RIGHT "
     - "SELECT * FROM TABLE ( myTabularUdf ( 1 ) ) RIGHT JOIN "
     - "SELECT * FROM TABLE ( myTabularUdf ( 1 ) ) RIGHT OUTER "
     - "SELECT * FROM TABLE ( myTabularUdf ( 1 ) ) TABLESAMPLE "
     - "SELECT * FROM TABLE ( myTabularUdf ( 1 ) ) TABLESAMPLE SUBSTITUTE "
     - "SELECT * FROM TABLE ( myTabularUdf ( 1 ) ) TABLESAMPLE BERNOULLI "
     - "SELECT * FROM TABLE ( myTabularUdf ( 1 ) ) TABLESAMPLE SYSTEM "
     - "SELECT * FROM TABLE ( myTabularUdf ( 1 ) ) UNION "
     - "SELECT * FROM TABLE ( myTabularUdf ( 1 ) ) UNION myIdentifier "
     - "SELECT * FROM TABLE ( myTabularUdf ( 1 ) ) UNION ALL "
     - "SELECT * FROM TABLE ( myTabularUdf ( 1 ) ) UNION DISTINCT "
     - "SELECT * FROM TABLE ( myTabularUdf ( 1 ) ) UNION MULTISET "
     - "SELECT * FROM TABLE ( myTabularUdf ( 1 ) ) UNION SELECT "
     - "SELECT * FROM TABLE ( myTabularUdf ( 1 ) ) UNION ( "
     - "SELECT * FROM TABLE ( myTabularUdf ( 1 ) ) UNION + "
     - "SELECT * FROM TABLE ( myTabularUdf ( 1 ) ) UNION - "
     - "SELECT * FROM TABLE ( myTabularUdf ( 1 ) ) UNION ? "
     - "SELECT * FROM TABLE ( myTabularUdf ( 1 ) ) UNION ARRAY "
     - "SELECT * FROM TABLE ( myTabularUdf ( 1 ) ) UNION CASE "
     - "SELECT * FROM TABLE ( myTabularUdf ( 1 ) ) UNION CEILING "
     - "SELECT * FROM TABLE ( myTabularUdf ( 1 ) ) UNION CONTAINS( "
     - "SELECT * FROM TABLE ( myTabularUdf ( 1 ) ) UNION CURRENT "
     - "SELECT * FROM TABLE ( myTabularUdf ( 1 ) ) UNION CURRENT_DEFAULT_TRANSFORM_GROUP "
     - "SELECT * FROM TABLE ( myTabularUdf ( 1 ) ) UNION CURSOR "
     - "SELECT * FROM TABLE ( myTabularUdf ( 1 ) ) UNION DATE "
     - "SELECT * FROM TABLE ( myTabularUdf ( 1 ) ) UNION EXISTS "
     - "SELECT * FROM TABLE ( myTabularUdf ( 1 ) ) UNION FALSE "
     - "SELECT * FROM TABLE ( myTabularUdf ( 1 ) ) UNION INTERVAL "
     - "SELECT * FROM TABLE ( myTabularUdf ( 1 ) ) UNION JSON_ARRAY "
     - "SELECT * FROM TABLE ( myTabularUdf ( 1 ) ) UNION JSON_ARRAYAGG "
     - "SELECT * FROM TABLE ( myTabularUdf ( 1 ) ) UNION JSON_EXISTS "
     - "SELECT * FROM TABLE ( myTabularUdf ( 1 ) ) UNION JSON_OBJECT "
     - "SELECT * FROM TABLE ( myTabularUdf ( 1 ) ) UNION JSON_OBJECTAGG "
     - "SELECT * FROM TABLE ( myTabularUdf ( 1 ) ) UNION JSON_QUERY "
     - "SELECT * FROM TABLE ( myTabularUdf ( 1 ) ) UNION JSON_VALUE "
     - "SELECT * FROM TABLE ( myTabularUdf ( 1 ) ) UNION LEFT "
     - "SELECT * FROM TABLE ( myTabularUdf ( 1 ) ) UNION MATCH_NUMBER "
     - "SELECT * FROM TABLE ( myTabularUdf ( 1 ) ) UNION NEW "
     - "SELECT * FROM TABLE ( myTabularUdf ( 1 ) ) UNION NOT "
     - "SELECT * FROM TABLE ( myTabularUdf ( 1 ) ) UNION NULL "
     - "SELECT * FROM TABLE ( myTabularUdf ( 1 ) ) UNION PERIOD "
     - "SELECT * FROM TABLE ( myTabularUdf ( 1 ) ) UNION RIGHT "
     - "SELECT * FROM TABLE ( myTabularUdf ( 1 ) ) UNION ROW "
     - "SELECT * FROM TABLE ( myTabularUdf ( 1 ) ) UNION RUNNING "
     - "SELECT * FROM TABLE ( myTabularUdf ( 1 ) ) UNION SPECIFIC "
     - "SELECT * FROM TABLE ( myTabularUdf ( 1 ) ) UNION TABLE "
     - "SELECT * FROM TABLE ( myTabularUdf ( 1 ) ) UNION TIME "
     - "SELECT * FROM TABLE ( myTabularUdf ( 1 ) ) UNION TIMESTAMP "
     - "SELECT * FROM TABLE ( myTabularUdf ( 1 ) ) UNION TRUE "
     - "SELECT * FROM TABLE ( myTabularUdf ( 1 ) ) UNION UNKNOWN "
     - "SELECT * FROM TABLE ( myTabularUdf ( 1 ) ) UNION VALUES "
     - "SELECT * FROM TABLE ( myTabularUdf ( 1 ) ) UNPIVOT "
     - "SELECT * FROM TABLE ( myTabularUdf ( 1 ) ) UNPIVOT ( "
     - "SELECT * FROM TABLE ( myTabularUdf ( 1 ) ) UNPIVOT EXCLUDE "
     - "SELECT * FROM TABLE ( myTabularUdf ( 1 ) ) UNPIVOT INCLUDE "
     - "SELECT * FROM TABLE ( myTabularUdf ( 1 ) ) WINDOW "
     - "SELECT * FROM TABLE ( myTabularUdf ( 1 ) ) WINDOW myIdentifier "
     - "SELECT * FROM TABLE ( myTabularUdf ( 1 ) AT "
     - "SELECT * FROM TABLE ( myTabularUdf ( 1 ) AT BRANCH "
     - "SELECT * FROM TABLE ( myTabularUdf ( 1 ) AT BRANCH myIdentifier "
     - "SELECT * FROM TABLE ( myTabularUdf ( 1 ) AT COMMIT "
     - "SELECT * FROM TABLE ( myTabularUdf ( 1 ) AT COMMIT myIdentifier "
     - "SELECT * FROM TABLE ( myTabularUdf ( 1 ) AT TAG "
     - "SELECT * FROM TABLE ( myTabularUdf ( 1 ) AT TAG myIdentifier "
     - "SELECT * FROM TABLE ( myTabularUdf ( 1 ) AT REF "
     - "SELECT * FROM TABLE ( myTabularUdf ( 1 ) AT REF myIdentifier "
     - "SELECT * FROM TABLE ( myTabularUdf ( 1 ) AT REFERENCE "
     - "SELECT * FROM TABLE ( myTabularUdf ( 1 ) AT REFERENCE myIdentifier "
    pathsWithIdentifierCompletion:
     - "SELECT * FROM TABLE ( myTabularUdf ( 1 ) ) myIdentifier "
     - "SELECT * FROM TABLE ( myTabularUdf ( 1 ) ) myIdentifier WHERE "
     - "SELECT * FROM TABLE ( myTabularUdf ( 1 ) ) myIdentifier , "
     - "SELECT * FROM TABLE ( myTabularUdf ( 1 ) ) myIdentifier WINDOW "
     - "SELECT * FROM TABLE ( myTabularUdf ( 1 ) ) myIdentifier GROUP "
     - "SELECT * FROM TABLE ( myTabularUdf ( 1 ) ) myIdentifier ORDER "
     - "SELECT * FROM TABLE ( myTabularUdf ( 1 ) ) myIdentifier ( "
     - "SELECT * FROM TABLE ( myTabularUdf ( 1 ) ) myIdentifier JOIN "
     - "SELECT * FROM TABLE ( myTabularUdf ( 1 ) ) myIdentifier OFFSET "
     - "SELECT * FROM TABLE ( myTabularUdf ( 1 ) ) myIdentifier HAVING "
     - "SELECT * FROM TABLE ( myTabularUdf ( 1 ) ) myIdentifier UNION "
     - "SELECT * FROM TABLE ( myTabularUdf ( 1 ) ) myIdentifier LIMIT "
     - "SELECT * FROM TABLE ( myTabularUdf ( 1 ) ) myIdentifier NATURAL "
     - "SELECT * FROM TABLE ( myTabularUdf ( 1 ) ) myIdentifier FETCH "
     - "SELECT * FROM TABLE ( myTabularUdf ( 1 ) ) myIdentifier LEFT "
     - "SELECT * FROM TABLE ( myTabularUdf ( 1 ) ) myIdentifier INNER "
     - "SELECT * FROM TABLE ( myTabularUdf ( 1 ) ) myIdentifier TABLESAMPLE "
     - "SELECT * FROM TABLE ( myTabularUdf ( 1 ) ) myIdentifier CROSS "
     - "SELECT * FROM TABLE ( myTabularUdf ( 1 ) ) myIdentifier EXCEPT "
     - "SELECT * FROM TABLE ( myTabularUdf ( 1 ) ) myIdentifier FULL "
     - "SELECT * FROM TABLE ( myTabularUdf ( 1 ) ) myIdentifier INTERSECT "
     - "SELECT * FROM TABLE ( myTabularUdf ( 1 ) ) myIdentifier MINUS "
     - "SELECT * FROM TABLE ( myTabularUdf ( 1 ) ) myIdentifier OUTER "
     - "SELECT * FROM TABLE ( myTabularUdf ( 1 ) ) myIdentifier QUALIFY "
     - "SELECT * FROM TABLE ( myTabularUdf ( 1 ) ) myIdentifier RIGHT "
     - "SELECT * FROM TABLE ( myTabularUdf ( 1 ) ) AS myIdentifier "
     - "SELECT * FROM TABLE ( myTabularUdf ( 1 ) ) , myIdentifier "
     - "SELECT * FROM TABLE ( myTabularUdf ( 1 ) ) WHERE myIdentifier "
     - "SELECT * FROM TABLE ( myTabularUdf ( 1 ) ) JOIN myIdentifier "
     - "SELECT * FROM TABLE ( myTabularUdf ( 1 ) ) AT myIdentifier "
     - "SELECT * FROM TABLE ( myTabularUdf ( 1 ) ) EXCEPT myIdentifier "
     - "SELECT * FROM TABLE ( myTabularUdf ( 1 ) ) HAVING myIdentifier "
     - "SELECT * FROM TABLE ( myTabularUdf ( 1 ) ) INTERSECT myIdentifier "
     - "SELECT * FROM TABLE ( myTabularUdf ( 1 ) ) MINUS myIdentifier "
     - "SELECT * FROM TABLE ( myTabularUdf ( 1 ) ) QUALIFY myIdentifier "
     - "SELECT * FROM TABLE ( myTabularUdf ( 1 ) ) UNION myIdentifier "
     - "SELECT * FROM TABLE ( myTabularUdf ( 1 ) ) WINDOW myIdentifier "
     - "SELECT * FROM TABLE ( myTabularUdf ( 1 ) AT BRANCH myIdentifier "
     - "SELECT * FROM TABLE ( myTabularUdf ( 1 ) AT COMMIT myIdentifier "
     - "SELECT * FROM TABLE ( myTabularUdf ( 1 ) AT TAG myIdentifier "
     - "SELECT * FROM TABLE ( myTabularUdf ( 1 ) AT REF myIdentifier "
     - "SELECT * FROM TABLE ( myTabularUdf ( 1 ) AT REFERENCE myIdentifier "

