#
# Copyright (C) 2017-2019 Dremio Corporation
#
# Licensed under the Apache License, Version 2.0 (the "License");
# you may not use this file except in compliance with the License.
# You may obtain a copy of the License at
#
#     http://www.apache.org/licenses/LICENSE-2.0
#
# Unless required by applicable law or agreed to in writing, software
# distributed under the License is distributed on an "AS IS" BASIS,
# WITHOUT WARRANTIES OR CONDITIONS OF ANY KIND, either express or implied.
# See the License for the specific language governing permissions and
# limitations under the License.
#

---
 -
  description: "A simple Uncollect"
  input: "select x from unnest(Array[1,2,3]) as t(x)"
  output:
    queryPlanBinary: "CkgKJ3R5cGUuZ29vZ2xlYXBpcy5jb20vcGxhbi5QTG9naWNhbFZhbHVlcxIdEgoKBFpFUk8aAhAEGg8SDSILCgIQBBIDEgEAUAYKiAEKKHR5cGUuZ29vZ2xlYXBpcy5jb20vcGxhbi5QTG9naWNhbFByb2plY3QSXBIGRVhQUiQwGlIqUAoGECRaAhAEEhkKF0FSUkFZX1ZBTFVFX0NPTlNUUlVDVE9SGg0iCwoCEAQSAxIBAVAGGg0iCwoCEAQSAxIBAlAGGg0iCwoCEAQSAxIBA1AGCi8KI3R5cGUuZ29vZ2xlYXBpcy5jb20vcGxhbi5QVW5jb2xsZWN0EggKBgoCCgAQAQo5Cih0eXBlLmdvb2dsZWFwaXMuY29tL3BsYW4uUExvZ2ljYWxQcm9qZWN0Eg0IAhIBeBoGEgQKAhAE"
    queryPlanBinaryHexDump:
     - "00000000 0A 48 0A 27 74 79 70 65 2E 67 6F 6F 67 6C 65 61 .H.'type.googlea"
     - "00000010 70 69 73 2E 63 6F 6D 2F 70 6C 61 6E 2E 50 4C 6F pis.com/plan.PLo"
     - "00000020 67 69 63 61 6C 56 61 6C 75 65 73 12 1D 12 0A 0A gicalValues....."
     - "00000030 04 5A 45 52 4F 1A 02 10 04 1A 0F 12 0D 22 0B 0A .ZERO........\".."
     - "00000040 02 10 04 12 03 12 01 00 50 06 0A 88 01 0A 28 74 ........P.....(t"
     - "00000050 79 70 65 2E 67 6F 6F 67 6C 65 61 70 69 73 2E 63 ype.googleapis.c"
     - "00000060 6F 6D 2F 70 6C 61 6E 2E 50 4C 6F 67 69 63 61 6C om/plan.PLogical"
     - "00000070 50 72 6F 6A 65 63 74 12 5C 12 06 45 58 50 52 24 Project.\\..EXPR$"
     - "00000080 30 1A 52 2A 50 0A 06 10 24 5A 02 10 04 12 19 0A 0.R*P...$Z......"
     - "00000090 17 41 52 52 41 59 5F 56 41 4C 55 45 5F 43 4F 4E .ARRAY_VALUE_CON"
     - "000000A0 53 54 52 55 43 54 4F 52 1A 0D 22 0B 0A 02 10 04 STRUCTOR..\"....."
     - "000000B0 12 03 12 01 01 50 06 1A 0D 22 0B 0A 02 10 04 12 .....P...\"......"
     - "000000C0 03 12 01 02 50 06 1A 0D 22 0B 0A 02 10 04 12 03 ....P...\"......."
     - "000000D0 12 01 03 50 06 0A 2F 0A 23 74 79 70 65 2E 67 6F ...P../.#type.go"
     - "000000E0 6F 67 6C 65 61 70 69 73 2E 63 6F 6D 2F 70 6C 61 ogleapis.com/pla"
     - "000000F0 6E 2E 50 55 6E 63 6F 6C 6C 65 63 74 12 08 0A 06 n.PUncollect...."
     - "00000100 0A 02 0A 00 10 01 0A 39 0A 28 74 79 70 65 2E 67 .......9.(type.g"
     - "00000110 6F 6F 67 6C 65 61 70 69 73 2E 63 6F 6D 2F 70 6C oogleapis.com/pl"
     - "00000120 61 6E 2E 50 4C 6F 67 69 63 61 6C 50 72 6F 6A 65 an.PLogicalProje"
     - "00000130 63 74 12 0D 08 02 12 01 78 1A 06 12 04 0A 02 10 ct......x......."
     - "00000140 04                                              ."
    queryPlanText:
     - "LogicalProject(x=[$0])"
     - "  Uncollect"
     - "    LogicalProject(EXPR$0=[ARRAY(1, 2, 3)])"
     - "      LogicalValues(tuples=[[{ 0 }]])"

