#
# Copyright (C) 2017-2019 Dremio Corporation
#
# Licensed under the Apache License, Version 2.0 (the "License");
# you may not use this file except in compliance with the License.
# You may obtain a copy of the License at
#
#     http://www.apache.org/licenses/LICENSE-2.0
#
# Unless required by applicable law or agreed to in writing, software
# distributed under the License is distributed on an "AS IS" BASIS,
# WITHOUT WARRANTIES OR CONDITIONS OF ANY KIND, either express or implied.
# See the License for the specific language governing permissions and
# limitations under the License.
#

---
 -
  description: "ROUND"
  input: "SELECT ROUND(CAST(9.9 AS DECIMAL(2,1)))FROM (VALUES (1)) AS t(a)"
  output:
    queryPlanBinary: "CkUKJ3R5cGUuZ29vZ2xlYXBpcy5jb20vcGxhbi5QTG9naWNhbFZhbHVlcxIaEgcKAWEaAhAEGg8SDSILCgIQBBIDEgEBUAYKXAoodHlwZS5nb29nbGVhcGlzLmNvbS9wbGFuLlBMb2dpY2FsUHJvamVjdBIwEgZFWFBSJDAaJiokCgQQBiACEgcKBVJPVU5EGhMiEQoGEAYYASACEgUIARIBY1AG"
    queryPlanBinaryHexDump:
     - "00000000 0A 45 0A 27 74 79 70 65 2E 67 6F 6F 67 6C 65 61 .E.'type.googlea"
     - "00000010 70 69 73 2E 63 6F 6D 2F 70 6C 61 6E 2E 50 4C 6F pis.com/plan.PLo"
     - "00000020 67 69 63 61 6C 56 61 6C 75 65 73 12 1A 12 07 0A gicalValues....."
     - "00000030 01 61 1A 02 10 04 1A 0F 12 0D 22 0B 0A 02 10 04 .a........\"....."
     - "00000040 12 03 12 01 01 50 06 0A 5C 0A 28 74 79 70 65 2E .....P..\\.(type."
     - "00000050 67 6F 6F 67 6C 65 61 70 69 73 2E 63 6F 6D 2F 70 googleapis.com/p"
     - "00000060 6C 61 6E 2E 50 4C 6F 67 69 63 61 6C 50 72 6F 6A lan.PLogicalProj"
     - "00000070 65 63 74 12 30 12 06 45 58 50 52 24 30 1A 26 2A ect.0..EXPR$0.&*"
     - "00000080 24 0A 04 10 06 20 02 12 07 0A 05 52 4F 55 4E 44 $.... .....ROUND"
     - "00000090 1A 13 22 11 0A 06 10 06 18 01 20 02 12 05 08 01 ..\"....... ....."
     - "000000A0 12 01 63 50 06                                  ..cP."
    queryPlanText:
     - "LogicalProject(EXPR$0=[ROUND(9.9:DECIMAL(2, 1))])"
     - "  LogicalValues(tuples=[[{ 1 }]])"
 -
  description: "TRUNCATE"
  input: "SELECT TRUNCATE(CAST(9.9 AS DECIMAL(2,1))) FROM (VALUES (1)) AS t(a)"
  output:
    queryPlanBinary: "CkUKJ3R5cGUuZ29vZ2xlYXBpcy5jb20vcGxhbi5QTG9naWNhbFZhbHVlcxIaEgcKAWEaAhAEGg8SDSILCgIQBBIDEgEBUAYKXwoodHlwZS5nb29nbGVhcGlzLmNvbS9wbGFuLlBMb2dpY2FsUHJvamVjdBIzEgZFWFBSJDAaKSonCgQQBiABEgoKCFRSVU5DQVRFGhMiEQoGEAYYASACEgUIARIBY1AG"
    queryPlanBinaryHexDump:
     - "00000000 0A 45 0A 27 74 79 70 65 2E 67 6F 6F 67 6C 65 61 .E.'type.googlea"
     - "00000010 70 69 73 2E 63 6F 6D 2F 70 6C 61 6E 2E 50 4C 6F pis.com/plan.PLo"
     - "00000020 67 69 63 61 6C 56 61 6C 75 65 73 12 1A 12 07 0A gicalValues....."
     - "00000030 01 61 1A 02 10 04 1A 0F 12 0D 22 0B 0A 02 10 04 .a........\"....."
     - "00000040 12 03 12 01 01 50 06 0A 5F 0A 28 74 79 70 65 2E .....P.._.(type."
     - "00000050 67 6F 6F 67 6C 65 61 70 69 73 2E 63 6F 6D 2F 70 googleapis.com/p"
     - "00000060 6C 61 6E 2E 50 4C 6F 67 69 63 61 6C 50 72 6F 6A lan.PLogicalProj"
     - "00000070 65 63 74 12 33 12 06 45 58 50 52 24 30 1A 29 2A ect.3..EXPR$0.)*"
     - "00000080 27 0A 04 10 06 20 01 12 0A 0A 08 54 52 55 4E 43 '.... .....TRUNC"
     - "00000090 41 54 45 1A 13 22 11 0A 06 10 06 18 01 20 02 12 ATE..\"....... .."
     - "000000A0 05 08 01 12 01 63 50 06                         .....cP."
    queryPlanText:
     - "LogicalProject(EXPR$0=[TRUNCATE(9.9:DECIMAL(2, 1))])"
     - "  LogicalValues(tuples=[[{ 1 }]])"
 -
  description: "MEDAIN"
  input: "SELECT MEDIAN(A) OVER (PARTITION BY b) FROM (VALUES(1, 2)) AS t(a, b)"
  output:
    queryPlanBinary: "Cl8KJ3R5cGUuZ29vZ2xlYXBpcy5jb20vcGxhbi5QTG9naWNhbFZhbHVlcxI0EgcKAWEaAhAEEgkKAWIQARoCEAQaHhINIgsKAhAEEgMSAQFQBhINIgsKAhAEEgMSAQJQBgpmCih0eXBlLmdvb2dsZWFwaXMuY29tL3BsYW4uUExvZ2ljYWxQcm9qZWN0EjoSBkVYUFIkMBowMi4KAhAJEggKBk1FRElBThoGEgQKAhAEIhYKCBIGCgIQBBABGgQaAggBIgQaAggC"
    queryPlanBinaryHexDump:
     - "00000000 0A 5F 0A 27 74 79 70 65 2E 67 6F 6F 67 6C 65 61 ._.'type.googlea"
     - "00000010 70 69 73 2E 63 6F 6D 2F 70 6C 61 6E 2E 50 4C 6F pis.com/plan.PLo"
     - "00000020 67 69 63 61 6C 56 61 6C 75 65 73 12 34 12 07 0A gicalValues.4..."
     - "00000030 01 61 1A 02 10 04 12 09 0A 01 62 10 01 1A 02 10 .a........b....."
     - "00000040 04 1A 1E 12 0D 22 0B 0A 02 10 04 12 03 12 01 01 .....\".........."
     - "00000050 50 06 12 0D 22 0B 0A 02 10 04 12 03 12 01 02 50 P...\"..........P"
     - "00000060 06 0A 66 0A 28 74 79 70 65 2E 67 6F 6F 67 6C 65 ..f.(type.google"
     - "00000070 61 70 69 73 2E 63 6F 6D 2F 70 6C 61 6E 2E 50 4C apis.com/plan.PL"
     - "00000080 6F 67 69 63 61 6C 50 72 6F 6A 65 63 74 12 3A 12 ogicalProject.:."
     - "00000090 06 45 58 50 52 24 30 1A 30 32 2E 0A 02 10 09 12 .EXPR$0.02......"
     - "000000A0 08 0A 06 4D 45 44 49 41 4E 1A 06 12 04 0A 02 10 ...MEDIAN......."
     - "000000B0 04 22 16 0A 08 12 06 0A 02 10 04 10 01 1A 04 1A .\".............."
     - "000000C0 02 08 01 22 04 1A 02 08 02                      ...\"....."
    queryPlanText:
     - "LogicalProject(EXPR$0=[MEDIAN($0) OVER (PARTITION BY $1 RANGE BETWEEN UNBOUNDED PRECEDING AND UNBOUNDED FOLLOWING)])"
     - "  LogicalValues(tuples=[[{ 1, 2 }]])"
 -
  description: "CONCAT FUNCTION"
  input: "SELECT CONCAT(a, b) FROM (VALUES('hello', 'world')) AS t(a, b)"
  output:
    queryPlanBinary: "CpQCCid0eXBlLmdvb2dsZWFwaXMuY29tL3BsYW4uUExvZ2ljYWxWYWx1ZXMS6AESMwoBYRouEB0gBSocChhJU08tODg1OS0xJGVuX1VTJHByaW1hcnkoAjIKSVNPLTg4NTktMRI1CgFiEAEaLhAdIAUqHAoYSVNPLTg4NTktMSRlbl9VUyRwcmltYXJ5KAIyCklTTy04ODU5LTEaehI7IjkKLhAdIAUqHAoYSVNPLTg4NTktMSRlbl9VUyRwcmltYXJ5KAIyCklTTy04ODU5LTEaBWhlbGxvUBwSOyI5Ci4QHSAFKhwKGElTTy04ODU5LTEkZW5fVVMkcHJpbWFyeSgCMgpJU08tODg1OS0xGgV3b3JsZFAcCuEBCih0eXBlLmdvb2dsZWFwaXMuY29tL3BsYW4uUExvZ2ljYWxQcm9qZWN0ErQBEgZFWFBSJDAaqQEqpgEKMBAdIICABCocChhJU08tODg1OS0xJGVuX1VTJHByaW1hcnkoAjIKSVNPLTg4NTktMRIICgZDT05DQVQaMhIwCi4QHSAFKhwKGElTTy04ODU5LTEkZW5fVVMkcHJpbWFyeSgCMgpJU08tODg1OS0xGjQSMgouEB0gBSocChhJU08tODg1OS0xJGVuX1VTJHByaW1hcnkoAjIKSVNPLTg4NTktMRAB"
    queryPlanBinaryHexDump:
     - "00000000 0A 94 02 0A 27 74 79 70 65 2E 67 6F 6F 67 6C 65 ....'type.google"
     - "00000010 61 70 69 73 2E 63 6F 6D 2F 70 6C 61 6E 2E 50 4C apis.com/plan.PL"
     - "00000020 6F 67 69 63 61 6C 56 61 6C 75 65 73 12 E8 01 12 ogicalValues.è.."
     - "00000030 33 0A 01 61 1A 2E 10 1D 20 05 2A 1C 0A 18 49 53 3..a.... .*...IS"
     - "00000040 4F 2D 38 38 35 39 2D 31 24 65 6E 5F 55 53 24 70 O-8859-1$en_US$p"
     - "00000050 72 69 6D 61 72 79 28 02 32 0A 49 53 4F 2D 38 38 rimary(.2.ISO-88"
     - "00000060 35 39 2D 31 12 35 0A 01 62 10 01 1A 2E 10 1D 20 59-1.5..b...... "
     - "00000070 05 2A 1C 0A 18 49 53 4F 2D 38 38 35 39 2D 31 24 .*...ISO-8859-1$"
     - "00000080 65 6E 5F 55 53 24 70 72 69 6D 61 72 79 28 02 32 en_US$primary(.2"
     - "00000090 0A 49 53 4F 2D 38 38 35 39 2D 31 1A 7A 12 3B 22 .ISO-8859-1.z.;\""
     - "000000A0 39 0A 2E 10 1D 20 05 2A 1C 0A 18 49 53 4F 2D 38 9.... .*...ISO-8"
     - "000000B0 38 35 39 2D 31 24 65 6E 5F 55 53 24 70 72 69 6D 859-1$en_US$prim"
     - "000000C0 61 72 79 28 02 32 0A 49 53 4F 2D 38 38 35 39 2D ary(.2.ISO-8859-"
     - "000000D0 31 1A 05 68 65 6C 6C 6F 50 1C 12 3B 22 39 0A 2E 1..helloP..;\"9.."
     - "000000E0 10 1D 20 05 2A 1C 0A 18 49 53 4F 2D 38 38 35 39 .. .*...ISO-8859"
     - "000000F0 2D 31 24 65 6E 5F 55 53 24 70 72 69 6D 61 72 79 -1$en_US$primary"
     - "00000100 28 02 32 0A 49 53 4F 2D 38 38 35 39 2D 31 1A 05 (.2.ISO-8859-1.."
     - "00000110 77 6F 72 6C 64 50 1C 0A E1 01 0A 28 74 79 70 65 worldP..á..(type"
     - "00000120 2E 67 6F 6F 67 6C 65 61 70 69 73 2E 63 6F 6D 2F .googleapis.com/"
     - "00000130 70 6C 61 6E 2E 50 4C 6F 67 69 63 61 6C 50 72 6F plan.PLogicalPro"
     - "00000140 6A 65 63 74 12 B4 01 12 06 45 58 50 52 24 30 1A ject.´...EXPR$0."
     - "00000150 A9 01 2A A6 01 0A 30 10 1D 20 80 80 04 2A 1C 0A ©.*¦..0.. ...*.."
     - "00000160 18 49 53 4F 2D 38 38 35 39 2D 31 24 65 6E 5F 55 .ISO-8859-1$en_U"
     - "00000170 53 24 70 72 69 6D 61 72 79 28 02 32 0A 49 53 4F S$primary(.2.ISO"
     - "00000180 2D 38 38 35 39 2D 31 12 08 0A 06 43 4F 4E 43 41 -8859-1....CONCA"
     - "00000190 54 1A 32 12 30 0A 2E 10 1D 20 05 2A 1C 0A 18 49 T.2.0.... .*...I"
     - "000001A0 53 4F 2D 38 38 35 39 2D 31 24 65 6E 5F 55 53 24 SO-8859-1$en_US$"
     - "000001B0 70 72 69 6D 61 72 79 28 02 32 0A 49 53 4F 2D 38 primary(.2.ISO-8"
     - "000001C0 38 35 39 2D 31 1A 34 12 32 0A 2E 10 1D 20 05 2A 859-1.4.2.... .*"
     - "000001D0 1C 0A 18 49 53 4F 2D 38 38 35 39 2D 31 24 65 6E ...ISO-8859-1$en"
     - "000001E0 5F 55 53 24 70 72 69 6D 61 72 79 28 02 32 0A 49 _US$primary(.2.I"
     - "000001F0 53 4F 2D 38 38 35 39 2D 31 10 01                SO-8859-1.."
    queryPlanText:
     - "LogicalProject(EXPR$0=[CONCAT($0, $1)])"
     - "  LogicalValues(tuples=[[{ 'hello', 'world' }]])"
 -
  description: "CONCAT OPERATOR"
  input: "SELECT a || b FROM (VALUES('hello', 'world')) AS t(a, b)"
  output:
    queryPlanBinary: "CpQCCid0eXBlLmdvb2dsZWFwaXMuY29tL3BsYW4uUExvZ2ljYWxWYWx1ZXMS6AESMwoBYRouEB0gBSocChhJU08tODg1OS0xJGVuX1VTJHByaW1hcnkoAjIKSVNPLTg4NTktMRI1CgFiEAEaLhAdIAUqHAoYSVNPLTg4NTktMSRlbl9VUyRwcmltYXJ5KAIyCklTTy04ODU5LTEaehI7IjkKLhAdIAUqHAoYSVNPLTg4NTktMSRlbl9VUyRwcmltYXJ5KAIyCklTTy04ODU5LTEaBWhlbGxvUBwSOyI5Ci4QHSAFKhwKGElTTy04ODU5LTEkZW5fVVMkcHJpbWFyeSgCMgpJU08tODg1OS0xGgV3b3JsZFAcCokCCih0eXBlLmdvb2dsZWFwaXMuY29tL3BsYW4uUExvZ2ljYWxQcm9qZWN0EtwBEgZFWFBSJDAa0QEqzgEKLhAdIAoqHAoYSVNPLTg4NTktMSRlbl9VUyRwcmltYXJ5KAIyCklTTy04ODU5LTESMhICfHwiKG9yZy5hcGFjaGUuY2FsY2l0ZS5zcWwuU3FsQmluYXJ5T3BlcmF0b3IoAjACGjISMAouEB0gBSocChhJU08tODg1OS0xJGVuX1VTJHByaW1hcnkoAjIKSVNPLTg4NTktMRo0EjIKLhAdIAUqHAoYSVNPLTg4NTktMSRlbl9VUyRwcmltYXJ5KAIyCklTTy04ODU5LTEQAQ=="
    queryPlanBinaryHexDump:
     - "00000000 0A 94 02 0A 27 74 79 70 65 2E 67 6F 6F 67 6C 65 ....'type.google"
     - "00000010 61 70 69 73 2E 63 6F 6D 2F 70 6C 61 6E 2E 50 4C apis.com/plan.PL"
     - "00000020 6F 67 69 63 61 6C 56 61 6C 75 65 73 12 E8 01 12 ogicalValues.è.."
     - "00000030 33 0A 01 61 1A 2E 10 1D 20 05 2A 1C 0A 18 49 53 3..a.... .*...IS"
     - "00000040 4F 2D 38 38 35 39 2D 31 24 65 6E 5F 55 53 24 70 O-8859-1$en_US$p"
     - "00000050 72 69 6D 61 72 79 28 02 32 0A 49 53 4F 2D 38 38 rimary(.2.ISO-88"
     - "00000060 35 39 2D 31 12 35 0A 01 62 10 01 1A 2E 10 1D 20 59-1.5..b...... "
     - "00000070 05 2A 1C 0A 18 49 53 4F 2D 38 38 35 39 2D 31 24 .*...ISO-8859-1$"
     - "00000080 65 6E 5F 55 53 24 70 72 69 6D 61 72 79 28 02 32 en_US$primary(.2"
     - "00000090 0A 49 53 4F 2D 38 38 35 39 2D 31 1A 7A 12 3B 22 .ISO-8859-1.z.;\""
     - "000000A0 39 0A 2E 10 1D 20 05 2A 1C 0A 18 49 53 4F 2D 38 9.... .*...ISO-8"
     - "000000B0 38 35 39 2D 31 24 65 6E 5F 55 53 24 70 72 69 6D 859-1$en_US$prim"
     - "000000C0 61 72 79 28 02 32 0A 49 53 4F 2D 38 38 35 39 2D ary(.2.ISO-8859-"
     - "000000D0 31 1A 05 68 65 6C 6C 6F 50 1C 12 3B 22 39 0A 2E 1..helloP..;\"9.."
     - "000000E0 10 1D 20 05 2A 1C 0A 18 49 53 4F 2D 38 38 35 39 .. .*...ISO-8859"
     - "000000F0 2D 31 24 65 6E 5F 55 53 24 70 72 69 6D 61 72 79 -1$en_US$primary"
     - "00000100 28 02 32 0A 49 53 4F 2D 38 38 35 39 2D 31 1A 05 (.2.ISO-8859-1.."
     - "00000110 77 6F 72 6C 64 50 1C 0A 89 02 0A 28 74 79 70 65 worldP.....(type"
     - "00000120 2E 67 6F 6F 67 6C 65 61 70 69 73 2E 63 6F 6D 2F .googleapis.com/"
     - "00000130 70 6C 61 6E 2E 50 4C 6F 67 69 63 61 6C 50 72 6F plan.PLogicalPro"
     - "00000140 6A 65 63 74 12 DC 01 12 06 45 58 50 52 24 30 1A ject.Ü...EXPR$0."
     - "00000150 D1 01 2A CE 01 0A 2E 10 1D 20 0A 2A 1C 0A 18 49 Ñ.*Î..... .*...I"
     - "00000160 53 4F 2D 38 38 35 39 2D 31 24 65 6E 5F 55 53 24 SO-8859-1$en_US$"
     - "00000170 70 72 69 6D 61 72 79 28 02 32 0A 49 53 4F 2D 38 primary(.2.ISO-8"
     - "00000180 38 35 39 2D 31 12 32 12 02 7C 7C 22 28 6F 72 67 859-1.2..||\"(org"
     - "00000190 2E 61 70 61 63 68 65 2E 63 61 6C 63 69 74 65 2E .apache.calcite."
     - "000001A0 73 71 6C 2E 53 71 6C 42 69 6E 61 72 79 4F 70 65 sql.SqlBinaryOpe"
     - "000001B0 72 61 74 6F 72 28 02 30 02 1A 32 12 30 0A 2E 10 rator(.0..2.0..."
     - "000001C0 1D 20 05 2A 1C 0A 18 49 53 4F 2D 38 38 35 39 2D . .*...ISO-8859-"
     - "000001D0 31 24 65 6E 5F 55 53 24 70 72 69 6D 61 72 79 28 1$en_US$primary("
     - "000001E0 02 32 0A 49 53 4F 2D 38 38 35 39 2D 31 1A 34 12 .2.ISO-8859-1.4."
     - "000001F0 32 0A 2E 10 1D 20 05 2A 1C 0A 18 49 53 4F 2D 38 2.... .*...ISO-8"
     - "00000200 38 35 39 2D 31 24 65 6E 5F 55 53 24 70 72 69 6D 859-1$en_US$prim"
     - "00000210 61 72 79 28 02 32 0A 49 53 4F 2D 38 38 35 39 2D ary(.2.ISO-8859-"
     - "00000220 31 10 01                                        1.."
    queryPlanText:
     - "LogicalProject(EXPR$0=[||($0, $1)])"
     - "  LogicalValues(tuples=[[{ 'hello', 'world' }]])"
 -
  description: "PERCENTILE_CONT"
  input: "SELECT PERCENTILE_CONT(0.5) WITHIN GROUP(ORDER BY b)\nFROM (VALUES (1, 2)) AS t(a, b)"
  output:
    queryPlanBinary: "Cl8KJ3R5cGUuZ29vZ2xlYXBpcy5jb20vcGxhbi5QTG9naWNhbFZhbHVlcxI0EgcKAWEaAhAEEgkKAWIQARoCEAQaHhINIgsKAhAEEgMSAQFQBhINIgsKAhAEEgMSAQJQBgpTCih0eXBlLmdvb2dsZWFwaXMuY29tL3BsYW4uUExvZ2ljYWxQcm9qZWN0EicSAyRmMBIBYhoTIhEKBhAGGAEgAhIFCAESAQVQBhoIEgYKAhAEEAEKbQoqdHlwZS5nb29nbGVhcGlzLmNvbS9wbGFuLlBMb2dpY2FsQWdncmVnYXRlEj8IARI3GhEKD1BFUkNFTlRJTEVfQ09OVCoICgZFWFBSJDAyAQA4////////////AUoKCggKBggBEAEYAyIAKgA="
    queryPlanBinaryHexDump:
     - "00000000 0A 5F 0A 27 74 79 70 65 2E 67 6F 6F 67 6C 65 61 ._.'type.googlea"
     - "00000010 70 69 73 2E 63 6F 6D 2F 70 6C 61 6E 2E 50 4C 6F pis.com/plan.PLo"
     - "00000020 67 69 63 61 6C 56 61 6C 75 65 73 12 34 12 07 0A gicalValues.4..."
     - "00000030 01 61 1A 02 10 04 12 09 0A 01 62 10 01 1A 02 10 .a........b....."
     - "00000040 04 1A 1E 12 0D 22 0B 0A 02 10 04 12 03 12 01 01 .....\".........."
     - "00000050 50 06 12 0D 22 0B 0A 02 10 04 12 03 12 01 02 50 P...\"..........P"
     - "00000060 06 0A 53 0A 28 74 79 70 65 2E 67 6F 6F 67 6C 65 ..S.(type.google"
     - "00000070 61 70 69 73 2E 63 6F 6D 2F 70 6C 61 6E 2E 50 4C apis.com/plan.PL"
     - "00000080 6F 67 69 63 61 6C 50 72 6F 6A 65 63 74 12 27 12 ogicalProject.'."
     - "00000090 03 24 66 30 12 01 62 1A 13 22 11 0A 06 10 06 18 .$f0..b..\"......"
     - "000000A0 01 20 02 12 05 08 01 12 01 05 50 06 1A 08 12 06 . ........P....."
     - "000000B0 0A 02 10 04 10 01 0A 6D 0A 2A 74 79 70 65 2E 67 .......m.*type.g"
     - "000000C0 6F 6F 67 6C 65 61 70 69 73 2E 63 6F 6D 2F 70 6C oogleapis.com/pl"
     - "000000D0 61 6E 2E 50 4C 6F 67 69 63 61 6C 41 67 67 72 65 an.PLogicalAggre"
     - "000000E0 67 61 74 65 12 3F 08 01 12 37 1A 11 0A 0F 50 45 gate.?...7....PE"
     - "000000F0 52 43 45 4E 54 49 4C 45 5F 43 4F 4E 54 2A 08 0A RCENTILE_CONT*.."
     - "00000100 06 45 58 50 52 24 30 32 01 00 38 FF FF FF FF FF .EXPR$02..8....."
     - "00000110 FF FF FF FF 01 4A 0A 0A 08 0A 06 08 01 10 01 18 .....J.........."
     - "00000120 03 22 00 2A 00                                  .\".*."
    queryPlanText:
     - "LogicalAggregate(group=[{}], EXPR$0=[PERCENTILE_CONT($0) WITHIN GROUP ([1])])"
     - "  LogicalProject($f0=[0.5:DECIMAL(2, 1)], b=[$1])"
     - "    LogicalValues(tuples=[[{ 1, 2 }]])"

null