#
# Copyright (C) 2017-2019 Dremio Corporation
#
# Licensed under the Apache License, Version 2.0 (the "License");
# you may not use this file except in compliance with the License.
# You may obtain a copy of the License at
#
#     http://www.apache.org/licenses/LICENSE-2.0
#
# Unless required by applicable law or agreed to in writing, software
# distributed under the License is distributed on an "AS IS" BASIS,
# WITHOUT WARRANTIES OR CONDITIONS OF ANY KIND, either express or implied.
# See the License for the specific language governing permissions and
# limitations under the License.
#

---
 -
  description: "SELECT"
  input: "SELECT ename as employee_name, LOWER(employee_name) as lower_employee_name FROM emp"
  output:
    queryPlanBinary: "CjMKKnR5cGUuZ29vZ2xlYXBpcy5jb20vcGxhbi5QTG9naWNhbFRhYmxlU2NhbhIFCgNFTVAKgAIKKHR5cGUuZ29vZ2xlYXBpcy5jb20vcGxhbi5QTG9naWNhbFByb2plY3QS0wESDWVtcGxveWVlX25hbWUSE2xvd2VyX2VtcGxveWVlX25hbWUaNhI0CjAIARAdIBQqHAoYSVNPLTg4NTktMSRlbl9VUyRwcmltYXJ5KAIyCklTTy04ODU5LTEQARp1KnMKMAgBEB0gFCocChhJU08tODg1OS0xJGVuX1VTJHByaW1hcnkoAjIKSVNPLTg4NTktMRIHCgVMT1dFUho2EjQKMAgBEB0gFCocChhJU08tODg1OS0xJGVuX1VTJHByaW1hcnkoAjIKSVNPLTg4NTktMRAB"
    queryPlanBinaryHexDump:
     - "00000000 0A 33 0A 2A 74 79 70 65 2E 67 6F 6F 67 6C 65 61 .3.*type.googlea"
     - "00000010 70 69 73 2E 63 6F 6D 2F 70 6C 61 6E 2E 50 4C 6F pis.com/plan.PLo"
     - "00000020 67 69 63 61 6C 54 61 62 6C 65 53 63 61 6E 12 05 gicalTableScan.."
     - "00000030 0A 03 45 4D 50 0A 80 02 0A 28 74 79 70 65 2E 67 ..EMP....(type.g"
     - "00000040 6F 6F 67 6C 65 61 70 69 73 2E 63 6F 6D 2F 70 6C oogleapis.com/pl"
     - "00000050 61 6E 2E 50 4C 6F 67 69 63 61 6C 50 72 6F 6A 65 an.PLogicalProje"
     - "00000060 63 74 12 D3 01 12 0D 65 6D 70 6C 6F 79 65 65 5F ct.Ó...employee_"
     - "00000070 6E 61 6D 65 12 13 6C 6F 77 65 72 5F 65 6D 70 6C name..lower_empl"
     - "00000080 6F 79 65 65 5F 6E 61 6D 65 1A 36 12 34 0A 30 08 oyee_name.6.4.0."
     - "00000090 01 10 1D 20 14 2A 1C 0A 18 49 53 4F 2D 38 38 35 ... .*...ISO-885"
     - "000000A0 39 2D 31 24 65 6E 5F 55 53 24 70 72 69 6D 61 72 9-1$en_US$primar"
     - "000000B0 79 28 02 32 0A 49 53 4F 2D 38 38 35 39 2D 31 10 y(.2.ISO-8859-1."
     - "000000C0 01 1A 75 2A 73 0A 30 08 01 10 1D 20 14 2A 1C 0A ..u*s.0.... .*.."
     - "000000D0 18 49 53 4F 2D 38 38 35 39 2D 31 24 65 6E 5F 55 .ISO-8859-1$en_U"
     - "000000E0 53 24 70 72 69 6D 61 72 79 28 02 32 0A 49 53 4F S$primary(.2.ISO"
     - "000000F0 2D 38 38 35 39 2D 31 12 07 0A 05 4C 4F 57 45 52 -8859-1....LOWER"
     - "00000100 1A 36 12 34 0A 30 08 01 10 1D 20 14 2A 1C 0A 18 .6.4.0.... .*..."
     - "00000110 49 53 4F 2D 38 38 35 39 2D 31 24 65 6E 5F 55 53 ISO-8859-1$en_US"
     - "00000120 24 70 72 69 6D 61 72 79 28 02 32 0A 49 53 4F 2D $primary(.2.ISO-"
     - "00000130 38 38 35 39 2D 31 10 01                         8859-1.."
    queryPlanText:
     - "LogicalProject(employee_name=[$1], lower_employee_name=[LOWER($1)])"
     - "  LogicalTableScan(table=[[EMP]])"
 -
  description: "WHERE"
  input: "SELECT LOWER(ename) as lower_employee_name FROM emp WHERE lower_employee_name ='bob'"
  output:
    queryPlanBinary: "CjMKKnR5cGUuZ29vZ2xlYXBpcy5jb20vcGxhbi5QTG9naWNhbFRhYmxlU2NhbhIFCgNFTVAK9AEKJ3R5cGUuZ29vZ2xlYXBpcy5jb20vcGxhbi5QTG9naWNhbEZpbHRlchLIARrFASrCAQoECAEQARIICgZFUVVBTFMadSpzCjAIARAdIBQqHAoYSVNPLTg4NTktMSRlbl9VUyRwcmltYXJ5KAIyCklTTy04ODU5LTESBwoFTE9XRVIaNhI0CjAIARAdIBQqHAoYSVNPLTg4NTktMSRlbl9VUyRwcmltYXJ5KAIyCklTTy04ODU5LTEQARo5IjcKLhAdIBQqHAoYSVNPLTg4NTktMSRlbl9VUyRwcmltYXJ5KAIyCklTTy04ODU5LTEaA2JvYlAcCrsBCih0eXBlLmdvb2dsZWFwaXMuY29tL3BsYW4uUExvZ2ljYWxQcm9qZWN0Eo4BCAESE2xvd2VyX2VtcGxveWVlX25hbWUadSpzCjAIARAdIBQqHAoYSVNPLTg4NTktMSRlbl9VUyRwcmltYXJ5KAIyCklTTy04ODU5LTESBwoFTE9XRVIaNhI0CjAIARAdIBQqHAoYSVNPLTg4NTktMSRlbl9VUyRwcmltYXJ5KAIyCklTTy04ODU5LTEQAQ=="
    queryPlanBinaryHexDump:
     - "00000000 0A 33 0A 2A 74 79 70 65 2E 67 6F 6F 67 6C 65 61 .3.*type.googlea"
     - "00000010 70 69 73 2E 63 6F 6D 2F 70 6C 61 6E 2E 50 4C 6F pis.com/plan.PLo"
     - "00000020 67 69 63 61 6C 54 61 62 6C 65 53 63 61 6E 12 05 gicalTableScan.."
     - "00000030 0A 03 45 4D 50 0A F4 01 0A 27 74 79 70 65 2E 67 ..EMP.ô..'type.g"
     - "00000040 6F 6F 67 6C 65 61 70 69 73 2E 63 6F 6D 2F 70 6C oogleapis.com/pl"
     - "00000050 61 6E 2E 50 4C 6F 67 69 63 61 6C 46 69 6C 74 65 an.PLogicalFilte"
     - "00000060 72 12 C8 01 1A C5 01 2A C2 01 0A 04 08 01 10 01 r.È..Å.*Â......."
     - "00000070 12 08 0A 06 45 51 55 41 4C 53 1A 75 2A 73 0A 30 ....EQUALS.u*s.0"
     - "00000080 08 01 10 1D 20 14 2A 1C 0A 18 49 53 4F 2D 38 38 .... .*...ISO-88"
     - "00000090 35 39 2D 31 24 65 6E 5F 55 53 24 70 72 69 6D 61 59-1$en_US$prima"
     - "000000A0 72 79 28 02 32 0A 49 53 4F 2D 38 38 35 39 2D 31 ry(.2.ISO-8859-1"
     - "000000B0 12 07 0A 05 4C 4F 57 45 52 1A 36 12 34 0A 30 08 ....LOWER.6.4.0."
     - "000000C0 01 10 1D 20 14 2A 1C 0A 18 49 53 4F 2D 38 38 35 ... .*...ISO-885"
     - "000000D0 39 2D 31 24 65 6E 5F 55 53 24 70 72 69 6D 61 72 9-1$en_US$primar"
     - "000000E0 79 28 02 32 0A 49 53 4F 2D 38 38 35 39 2D 31 10 y(.2.ISO-8859-1."
     - "000000F0 01 1A 39 22 37 0A 2E 10 1D 20 14 2A 1C 0A 18 49 ..9\"7.... .*...I"
     - "00000100 53 4F 2D 38 38 35 39 2D 31 24 65 6E 5F 55 53 24 SO-8859-1$en_US$"
     - "00000110 70 72 69 6D 61 72 79 28 02 32 0A 49 53 4F 2D 38 primary(.2.ISO-8"
     - "00000120 38 35 39 2D 31 1A 03 62 6F 62 50 1C 0A BB 01 0A 859-1..bobP..».."
     - "00000130 28 74 79 70 65 2E 67 6F 6F 67 6C 65 61 70 69 73 (type.googleapis"
     - "00000140 2E 63 6F 6D 2F 70 6C 61 6E 2E 50 4C 6F 67 69 63 .com/plan.PLogic"
     - "00000150 61 6C 50 72 6F 6A 65 63 74 12 8E 01 08 01 12 13 alProject......."
     - "00000160 6C 6F 77 65 72 5F 65 6D 70 6C 6F 79 65 65 5F 6E lower_employee_n"
     - "00000170 61 6D 65 1A 75 2A 73 0A 30 08 01 10 1D 20 14 2A ame.u*s.0.... .*"
     - "00000180 1C 0A 18 49 53 4F 2D 38 38 35 39 2D 31 24 65 6E ...ISO-8859-1$en"
     - "00000190 5F 55 53 24 70 72 69 6D 61 72 79 28 02 32 0A 49 _US$primary(.2.I"
     - "000001A0 53 4F 2D 38 38 35 39 2D 31 12 07 0A 05 4C 4F 57 SO-8859-1....LOW"
     - "000001B0 45 52 1A 36 12 34 0A 30 08 01 10 1D 20 14 2A 1C ER.6.4.0.... .*."
     - "000001C0 0A 18 49 53 4F 2D 38 38 35 39 2D 31 24 65 6E 5F ..ISO-8859-1$en_"
     - "000001D0 55 53 24 70 72 69 6D 61 72 79 28 02 32 0A 49 53 US$primary(.2.IS"
     - "000001E0 4F 2D 38 38 35 39 2D 31 10 01                   O-8859-1.."
    queryPlanText:
     - "LogicalProject(lower_employee_name=[LOWER($1)])"
     - "  LogicalFilter(condition=[=(LOWER($1), 'bob')])"
     - "    LogicalTableScan(table=[[EMP]])"
 -
  description: "GROUP BY + HAVING"
  input: "SELECT MAX(deptno), LOWER(ename) as emp_name FROM emp GROUP BY emp_name HAVING emp_name = 'john'"
  output:
    queryPlanBinary: "CjMKKnR5cGUuZ29vZ2xlYXBpcy5jb20vcGxhbi5QTG9naWNhbFRhYmxlU2NhbhIFCgNFTVAKwgEKKHR5cGUuZ29vZ2xlYXBpcy5jb20vcGxhbi5QTG9naWNhbFByb2plY3QSlQESCGVtcF9uYW1lEgZERVBUTk8adSpzCjAIARAdIBQqHAoYSVNPLTg4NTktMSRlbl9VUyRwcmltYXJ5KAIyCklTTy04ODU5LTESBwoFTE9XRVIaNhI0CjAIARAdIBQqHAoYSVNPLTg4NTktMSRlbl9VUyRwcmltYXJ5KAIyCklTTy04ODU5LTEQARoKEggKBAgBEAQQBwpfCip0eXBlLmdvb2dsZWFwaXMuY29tL3BsYW4uUExvZ2ljYWxBZ2dyZWdhdGUSMQgBEiMaBQoDTUFYKggKBkVYUFIkMDIBATj///////////8BSgIKACIDCgEAKgMKAQAKtgEKJ3R5cGUuZ29vZ2xlYXBpcy5jb20vcGxhbi5QTG9naWNhbEZpbHRlchKKARACGoUBKoIBCgQIARABEggKBkVRVUFMUxo0EjIKMAgBEB0gFCocChhJU08tODg1OS0xJGVuX1VTJHByaW1hcnkoAjIKSVNPLTg4NTktMRo6IjgKLhAdIBQqHAoYSVNPLTg4NTktMSRlbl9VUyRwcmltYXJ5KAIyCklTTy04ODU5LTEaBGpvaG5QHAqCAQoodHlwZS5nb29nbGVhcGlzLmNvbS9wbGFuLlBMb2dpY2FsUHJvamVjdBJWCAMSBkVYUFIkMBIIZW1wX25hbWUaChIICgQIARAEEAEaNBIyCjAIARAdIBQqHAoYSVNPLTg4NTktMSRlbl9VUyRwcmltYXJ5KAIyCklTTy04ODU5LTE="
    queryPlanBinaryHexDump:
     - "00000000 0A 33 0A 2A 74 79 70 65 2E 67 6F 6F 67 6C 65 61 .3.*type.googlea"
     - "00000010 70 69 73 2E 63 6F 6D 2F 70 6C 61 6E 2E 50 4C 6F pis.com/plan.PLo"
     - "00000020 67 69 63 61 6C 54 61 62 6C 65 53 63 61 6E 12 05 gicalTableScan.."
     - "00000030 0A 03 45 4D 50 0A C2 01 0A 28 74 79 70 65 2E 67 ..EMP.Â..(type.g"
     - "00000040 6F 6F 67 6C 65 61 70 69 73 2E 63 6F 6D 2F 70 6C oogleapis.com/pl"
     - "00000050 61 6E 2E 50 4C 6F 67 69 63 61 6C 50 72 6F 6A 65 an.PLogicalProje"
     - "00000060 63 74 12 95 01 12 08 65 6D 70 5F 6E 61 6D 65 12 ct.....emp_name."
     - "00000070 06 44 45 50 54 4E 4F 1A 75 2A 73 0A 30 08 01 10 .DEPTNO.u*s.0..."
     - "00000080 1D 20 14 2A 1C 0A 18 49 53 4F 2D 38 38 35 39 2D . .*...ISO-8859-"
     - "00000090 31 24 65 6E 5F 55 53 24 70 72 69 6D 61 72 79 28 1$en_US$primary("
     - "000000A0 02 32 0A 49 53 4F 2D 38 38 35 39 2D 31 12 07 0A .2.ISO-8859-1..."
     - "000000B0 05 4C 4F 57 45 52 1A 36 12 34 0A 30 08 01 10 1D .LOWER.6.4.0...."
     - "000000C0 20 14 2A 1C 0A 18 49 53 4F 2D 38 38 35 39 2D 31  .*...ISO-8859-1"
     - "000000D0 24 65 6E 5F 55 53 24 70 72 69 6D 61 72 79 28 02 $en_US$primary(."
     - "000000E0 32 0A 49 53 4F 2D 38 38 35 39 2D 31 10 01 1A 0A 2.ISO-8859-1...."
     - "000000F0 12 08 0A 04 08 01 10 04 10 07 0A 5F 0A 2A 74 79 ..........._.*ty"
     - "00000100 70 65 2E 67 6F 6F 67 6C 65 61 70 69 73 2E 63 6F pe.googleapis.co"
     - "00000110 6D 2F 70 6C 61 6E 2E 50 4C 6F 67 69 63 61 6C 41 m/plan.PLogicalA"
     - "00000120 67 67 72 65 67 61 74 65 12 31 08 01 12 23 1A 05 ggregate.1...#.."
     - "00000130 0A 03 4D 41 58 2A 08 0A 06 45 58 50 52 24 30 32 ..MAX*...EXPR$02"
     - "00000140 01 01 38 FF FF FF FF FF FF FF FF FF 01 4A 02 0A ..8..........J.."
     - "00000150 00 22 03 0A 01 00 2A 03 0A 01 00 0A B6 01 0A 27 .\"....*.....¶..'"
     - "00000160 74 79 70 65 2E 67 6F 6F 67 6C 65 61 70 69 73 2E type.googleapis."
     - "00000170 63 6F 6D 2F 70 6C 61 6E 2E 50 4C 6F 67 69 63 61 com/plan.PLogica"
     - "00000180 6C 46 69 6C 74 65 72 12 8A 01 10 02 1A 85 01 2A lFilter........*"
     - "00000190 82 01 0A 04 08 01 10 01 12 08 0A 06 45 51 55 41 ............EQUA"
     - "000001A0 4C 53 1A 34 12 32 0A 30 08 01 10 1D 20 14 2A 1C LS.4.2.0.... .*."
     - "000001B0 0A 18 49 53 4F 2D 38 38 35 39 2D 31 24 65 6E 5F ..ISO-8859-1$en_"
     - "000001C0 55 53 24 70 72 69 6D 61 72 79 28 02 32 0A 49 53 US$primary(.2.IS"
     - "000001D0 4F 2D 38 38 35 39 2D 31 1A 3A 22 38 0A 2E 10 1D O-8859-1.:\"8...."
     - "000001E0 20 14 2A 1C 0A 18 49 53 4F 2D 38 38 35 39 2D 31  .*...ISO-8859-1"
     - "000001F0 24 65 6E 5F 55 53 24 70 72 69 6D 61 72 79 28 02 $en_US$primary(."
     - "00000200 32 0A 49 53 4F 2D 38 38 35 39 2D 31 1A 04 6A 6F 2.ISO-8859-1..jo"
     - "00000210 68 6E 50 1C 0A 82 01 0A 28 74 79 70 65 2E 67 6F hnP.....(type.go"
     - "00000220 6F 67 6C 65 61 70 69 73 2E 63 6F 6D 2F 70 6C 61 ogleapis.com/pla"
     - "00000230 6E 2E 50 4C 6F 67 69 63 61 6C 50 72 6F 6A 65 63 n.PLogicalProjec"
     - "00000240 74 12 56 08 03 12 06 45 58 50 52 24 30 12 08 65 t.V....EXPR$0..e"
     - "00000250 6D 70 5F 6E 61 6D 65 1A 0A 12 08 0A 04 08 01 10 mp_name........."
     - "00000260 04 10 01 1A 34 12 32 0A 30 08 01 10 1D 20 14 2A ....4.2.0.... .*"
     - "00000270 1C 0A 18 49 53 4F 2D 38 38 35 39 2D 31 24 65 6E ...ISO-8859-1$en"
     - "00000280 5F 55 53 24 70 72 69 6D 61 72 79 28 02 32 0A 49 _US$primary(.2.I"
     - "00000290 53 4F 2D 38 38 35 39 2D 31                      SO-8859-1"
    queryPlanText:
     - "LogicalProject(EXPR$0=[$1], emp_name=[$0])"
     - "  LogicalFilter(condition=[=($0, 'john')])"
     - "    LogicalAggregate(group=[{0}], EXPR$0=[MAX($1)])"
     - "      LogicalProject(emp_name=[LOWER($1)], DEPTNO=[$7])"
     - "        LogicalTableScan(table=[[EMP]])"
 -
  description: "ORDER BY"
  input: "SELECT LOWER(ename) as emp_name FROM emp ORDER BY emp_name"
  output:
    queryPlanBinary: "CjMKKnR5cGUuZ29vZ2xlYXBpcy5jb20vcGxhbi5QTG9naWNhbFRhYmxlU2NhbhIFCgNFTVAKrgEKKHR5cGUuZ29vZ2xlYXBpcy5jb20vcGxhbi5QTG9naWNhbFByb2plY3QSgQESCGVtcF9uYW1lGnUqcwowCAEQHSAUKhwKGElTTy04ODU5LTEkZW5fVVMkcHJpbWFyeSgCMgpJU08tODg1OS0xEgcKBUxPV0VSGjYSNAowCAEQHSAUKhwKGElTTy04ODU5LTEkZW5fVVMkcHJpbWFyeSgCMgpJU08tODg1OS0xEAEKMQoldHlwZS5nb29nbGVhcGlzLmNvbS9wbGFuLlBMb2dpY2FsU29ydBIICAEiBBABGAM="
    queryPlanBinaryHexDump:
     - "00000000 0A 33 0A 2A 74 79 70 65 2E 67 6F 6F 67 6C 65 61 .3.*type.googlea"
     - "00000010 70 69 73 2E 63 6F 6D 2F 70 6C 61 6E 2E 50 4C 6F pis.com/plan.PLo"
     - "00000020 67 69 63 61 6C 54 61 62 6C 65 53 63 61 6E 12 05 gicalTableScan.."
     - "00000030 0A 03 45 4D 50 0A AE 01 0A 28 74 79 70 65 2E 67 ..EMP.®..(type.g"
     - "00000040 6F 6F 67 6C 65 61 70 69 73 2E 63 6F 6D 2F 70 6C oogleapis.com/pl"
     - "00000050 61 6E 2E 50 4C 6F 67 69 63 61 6C 50 72 6F 6A 65 an.PLogicalProje"
     - "00000060 63 74 12 81 01 12 08 65 6D 70 5F 6E 61 6D 65 1A ct.....emp_name."
     - "00000070 75 2A 73 0A 30 08 01 10 1D 20 14 2A 1C 0A 18 49 u*s.0.... .*...I"
     - "00000080 53 4F 2D 38 38 35 39 2D 31 24 65 6E 5F 55 53 24 SO-8859-1$en_US$"
     - "00000090 70 72 69 6D 61 72 79 28 02 32 0A 49 53 4F 2D 38 primary(.2.ISO-8"
     - "000000A0 38 35 39 2D 31 12 07 0A 05 4C 4F 57 45 52 1A 36 859-1....LOWER.6"
     - "000000B0 12 34 0A 30 08 01 10 1D 20 14 2A 1C 0A 18 49 53 .4.0.... .*...IS"
     - "000000C0 4F 2D 38 38 35 39 2D 31 24 65 6E 5F 55 53 24 70 O-8859-1$en_US$p"
     - "000000D0 72 69 6D 61 72 79 28 02 32 0A 49 53 4F 2D 38 38 rimary(.2.ISO-88"
     - "000000E0 35 39 2D 31 10 01 0A 31 0A 25 74 79 70 65 2E 67 59-1...1.%type.g"
     - "000000F0 6F 6F 67 6C 65 61 70 69 73 2E 63 6F 6D 2F 70 6C oogleapis.com/pl"
     - "00000100 61 6E 2E 50 4C 6F 67 69 63 61 6C 53 6F 72 74 12 an.PLogicalSort."
     - "00000110 08 08 01 22 04 10 01 18 03                      ...\"....."
    queryPlanText:
     - "LogicalSort(sort0=[$0], dir0=[ASC])"
     - "  LogicalProject(emp_name=[LOWER($1)])"
     - "    LogicalTableScan(table=[[EMP]])"
