#
# Copyright (C) 2017-2019 Dremio Corporation
#
# Licensed under the Apache License, Version 2.0 (the "License");
# you may not use this file except in compliance with the License.
# You may obtain a copy of the License at
#
#     http://www.apache.org/licenses/LICENSE-2.0
#
# Unless required by applicable law or agreed to in writing, software
# distributed under the License is distributed on an "AS IS" BASIS,
# WITHOUT WARRANTIES OR CONDITIONS OF ANY KIND, either express or implied.
# See the License for the specific language governing permissions and
# limitations under the License.
#


---
 -
  description: "TO_DATE"
  input: "=(TO_DATE($1), 2020-08-05)"
  output: "AND(>=($1, DATE_TRUNC('DAY':VARCHAR(3), CAST(2020-08-05):TIMESTAMP(3) NOT NULL)), <($1, DATE_TRUNC('DAY':VARCHAR(3), DATE_ADD(CAST(2020-08-05):TIMESTAMP(3) NOT NULL, 86400000:INTERVAL DAY))))"
 -
  description: "TO_DATE"
  input: "<>(TO_DATE($1), 2020-08-05)"
  output: "OR(<($1, DATE_TRUNC('DAY':VARCHAR(3), CAST(2020-08-05):TIMESTAMP(3) NOT NULL)), >=($1, DATE_TRUNC('DAY':VARCHAR(3), DATE_ADD(CAST(2020-08-05):TIMESTAMP(3) NOT NULL, 86400000:INTERVAL DAY))))"
 -
  description: "TO_DATE"
  input: ">(TO_DATE($1), 2020-08-05)"
  output: ">=($1, DATE_TRUNC('DAY':VARCHAR(3), DATE_ADD(CAST(2020-08-05):TIMESTAMP(3) NOT NULL, 86400000:INTERVAL DAY)))"
 -
  description: "TO_DATE"
  input: ">=(TO_DATE($1), 2020-08-05)"
  output: ">=($1, DATE_TRUNC('DAY':VARCHAR(3), CAST(2020-08-05):TIMESTAMP(3) NOT NULL))"
 -
  description: "TO_DATE"
  input: "<(TO_DATE($1), 2020-08-05)"
  output: "<($1, DATE_TRUNC('DAY':VARCHAR(3), CAST(2020-08-05):TIMESTAMP(3) NOT NULL))"
 -
  description: "TO_DATE"
  input: "<=(TO_DATE($1), 2020-08-05)"
  output: "<($1, DATE_TRUNC('DAY':VARCHAR(3), DATE_ADD(CAST(2020-08-05):TIMESTAMP(3) NOT NULL, 86400000:INTERVAL DAY)))"

