#
# Copyright (C) 2017-2019 Dremio Corporation
#
# Licensed under the Apache License, Version 2.0 (the "License");
# you may not use this file except in compliance with the License.
# You may obtain a copy of the License at
#
#     http://www.apache.org/licenses/LICENSE-2.0
#
# Unless required by applicable law or agreed to in writing, software
# distributed under the License is distributed on an "AS IS" BASIS,
# WITHOUT WARRANTIES OR CONDITIONS OF ANY KIND, either express or implied.
# See the License for the specific language governing permissions and
# limitations under the License.
#


---
 -
  description: "DateInput IN"
  input: "OR(AND(>=($0, 2020-08-01), <($0, 2020-09-01)), AND(>=($0, 2020-09-01), <($0, 2020-10-01)), AND(>=($0, 2020-10-01), <($0, 2020-11-01)))"
  output: "AND(>=($0, 2020-08-01), <($0, 2020-11-01))"
 -
  description: "DateInput NOT IN"
  input: "AND(OR(>=($0, 2020-08-01), <($0, 2020-09-01)), OR(>=($0, 2020-09-01), <($0, 2020-10-01)), OR(>=($0, 2020-10-01), <($0, 2020-11-01)))"
  output: "OR(<($0, 2020-08-01), >=($0, 2020-11-01))"
 -
  description: "VarcharInput IN"
  input: "OR(=($2, 'abc':VARCHAR(3)), =($2, 'def':VARCHAR(3)))"
  output: "OR(=($2, 'abc':VARCHAR(3)), =($2, 'def':VARCHAR(3)))"
 -
  description: "COALESCE NOT IN"
  input: "AND(OR(<>($2, 'abc':VARCHAR(3)), IS NULL($2)), OR(<>($2, 'def':VARCHAR(3)), IS NULL($2)))"
  output: "AND(<>($2, 'abc':VARCHAR(3)), <>($2, 'def':VARCHAR(3)))"

