#
# Copyright (C) 2017-2019 Dremio Corporation
#
# Licensed under the Apache License, Version 2.0 (the "License");
# you may not use this file except in compliance with the License.
# You may obtain a copy of the License at
#
#     http://www.apache.org/licenses/LICENSE-2.0
#
# Unless required by applicable law or agreed to in writing, software
# distributed under the License is distributed on an "AS IS" BASIS,
# WITHOUT WARRANTIES OR CONDITIONS OF ANY KIND, either express or implied.
# See the License for the specific language governing permissions and
# limitations under the License.
#


---
 -
  description: "MONTHS_BETWEEN"
  input: "=(MONTHS_BETWEEN('2020-08-05':VARCHAR(10), $0), 1E0:FLOAT)"
  output: "=($0, DATE_SUB(CAST('2020-08-05':VARCHAR(10)):DATE NOT NULL, 1:INTERVAL MONTH))"
 -
  description: "MONTHS_BETWEEN"
  input: "=(MONTHS_BETWEEN('2020-08-05':VARCHAR(10), $0), 1.5E0:FLOAT)"
  output: "=($0, DATE_SUB(CAST('2020-08-05':VARCHAR(10)):DATE NOT NULL, 3888000000:INTERVAL DAY))"
 -
  description: "MONTHS_BETWEEN"
  input: "=(MONTHS_BETWEEN($0, '2020-08-05':VARCHAR(10)), 1E0:FLOAT)"
  output: "=($0, DATE_ADD('2020-08-05':VARCHAR(10), 1:INTERVAL MONTH))"
 -
  description: "MONTHS_BETWEEN"
  input: "=(MONTHS_BETWEEN($0, '2020-08-05':VARCHAR(10)), 1.5E0:FLOAT)"
  output: "=($0, DATE_ADD('2020-08-05':VARCHAR(10), 3888000000:INTERVAL DAY))"
 -
  description: "MONTHS_BETWEEN"
  input: "<>(MONTHS_BETWEEN('2020-08-05':VARCHAR(10), $0), 1E0:FLOAT)"
  output: "<>($0, DATE_SUB(CAST('2020-08-05':VARCHAR(10)):DATE NOT NULL, 1:INTERVAL MONTH))"
 -
  description: "MONTHS_BETWEEN"
  input: "<>(MONTHS_BETWEEN('2020-08-05':VARCHAR(10), $0), 1.5E0:FLOAT)"
  output: "<>($0, DATE_SUB(CAST('2020-08-05':VARCHAR(10)):DATE NOT NULL, 3888000000:INTERVAL DAY))"
 -
  description: "MONTHS_BETWEEN"
  input: "<>(MONTHS_BETWEEN($0, '2020-08-05':VARCHAR(10)), 1E0:FLOAT)"
  output: "<>($0, DATE_ADD('2020-08-05':VARCHAR(10), 1:INTERVAL MONTH))"
 -
  description: "MONTHS_BETWEEN"
  input: "<>(MONTHS_BETWEEN($0, '2020-08-05':VARCHAR(10)), 1.5E0:FLOAT)"
  output: "<>($0, DATE_ADD('2020-08-05':VARCHAR(10), 3888000000:INTERVAL DAY))"
 -
  description: "MONTHS_BETWEEN"
  input: ">(MONTHS_BETWEEN('2020-08-05':VARCHAR(10), $0), 1E0:FLOAT)"
  output: "<($0, DATE_SUB(CAST('2020-08-05':VARCHAR(10)):DATE NOT NULL, 1:INTERVAL MONTH))"
 -
  description: "MONTHS_BETWEEN"
  input: ">(MONTHS_BETWEEN('2020-08-05':VARCHAR(10), $0), 1.5E0:FLOAT)"
  output: "<($0, DATE_SUB(CAST('2020-08-05':VARCHAR(10)):DATE NOT NULL, 3888000000:INTERVAL DAY))"
 -
  description: "MONTHS_BETWEEN"
  input: ">(MONTHS_BETWEEN($0, '2020-08-05':VARCHAR(10)), 1E0:FLOAT)"
  output: ">($0, DATE_ADD('2020-08-05':VARCHAR(10), 1:INTERVAL MONTH))"
 -
  description: "MONTHS_BETWEEN"
  input: ">(MONTHS_BETWEEN($0, '2020-08-05':VARCHAR(10)), 1.5E0:FLOAT)"
  output: ">($0, DATE_ADD('2020-08-05':VARCHAR(10), 3888000000:INTERVAL DAY))"
 -
  description: "MONTHS_BETWEEN"
  input: ">=(MONTHS_BETWEEN('2020-08-05':VARCHAR(10), $0), 1E0:FLOAT)"
  output: "<=($0, DATE_SUB(CAST('2020-08-05':VARCHAR(10)):DATE NOT NULL, 1:INTERVAL MONTH))"
 -
  description: "MONTHS_BETWEEN"
  input: ">=(MONTHS_BETWEEN('2020-08-05':VARCHAR(10), $0), 1.5E0:FLOAT)"
  output: "<=($0, DATE_SUB(CAST('2020-08-05':VARCHAR(10)):DATE NOT NULL, 3888000000:INTERVAL DAY))"
 -
  description: "MONTHS_BETWEEN"
  input: ">=(MONTHS_BETWEEN($0, '2020-08-05':VARCHAR(10)), 1E0:FLOAT)"
  output: ">=($0, DATE_ADD('2020-08-05':VARCHAR(10), 1:INTERVAL MONTH))"
 -
  description: "MONTHS_BETWEEN"
  input: ">=(MONTHS_BETWEEN($0, '2020-08-05':VARCHAR(10)), 1.5E0:FLOAT)"
  output: ">=($0, DATE_ADD('2020-08-05':VARCHAR(10), 3888000000:INTERVAL DAY))"
 -
  description: "MONTHS_BETWEEN"
  input: "<(MONTHS_BETWEEN('2020-08-05':VARCHAR(10), $0), 1E0:FLOAT)"
  output: ">($0, DATE_SUB(CAST('2020-08-05':VARCHAR(10)):DATE NOT NULL, 1:INTERVAL MONTH))"
 -
  description: "MONTHS_BETWEEN"
  input: "<(MONTHS_BETWEEN('2020-08-05':VARCHAR(10), $0), 1.5E0:FLOAT)"
  output: ">($0, DATE_SUB(CAST('2020-08-05':VARCHAR(10)):DATE NOT NULL, 3888000000:INTERVAL DAY))"
 -
  description: "MONTHS_BETWEEN"
  input: "<(MONTHS_BETWEEN($0, '2020-08-05':VARCHAR(10)), 1E0:FLOAT)"
  output: "<($0, DATE_ADD('2020-08-05':VARCHAR(10), 1:INTERVAL MONTH))"
 -
  description: "MONTHS_BETWEEN"
  input: "<(MONTHS_BETWEEN($0, '2020-08-05':VARCHAR(10)), 1.5E0:FLOAT)"
  output: "<($0, DATE_ADD('2020-08-05':VARCHAR(10), 3888000000:INTERVAL DAY))"
 -
  description: "MONTHS_BETWEEN"
  input: "<=(MONTHS_BETWEEN('2020-08-05':VARCHAR(10), $0), 1E0:FLOAT)"
  output: ">=($0, DATE_SUB(CAST('2020-08-05':VARCHAR(10)):DATE NOT NULL, 1:INTERVAL MONTH))"
 -
  description: "MONTHS_BETWEEN"
  input: "<=(MONTHS_BETWEEN('2020-08-05':VARCHAR(10), $0), 1.5E0:FLOAT)"
  output: ">=($0, DATE_SUB(CAST('2020-08-05':VARCHAR(10)):DATE NOT NULL, 3888000000:INTERVAL DAY))"
 -
  description: "MONTHS_BETWEEN"
  input: "<=(MONTHS_BETWEEN($0, '2020-08-05':VARCHAR(10)), 1E0:FLOAT)"
  output: "<=($0, DATE_ADD('2020-08-05':VARCHAR(10), 1:INTERVAL MONTH))"
 -
  description: "MONTHS_BETWEEN"
  input: "<=(MONTHS_BETWEEN($0, '2020-08-05':VARCHAR(10)), 1.5E0:FLOAT)"
  output: "<=($0, DATE_ADD('2020-08-05':VARCHAR(10), 3888000000:INTERVAL DAY))"

