#
# Copyright (C) 2017-2019 Dremio Corporation
#
# Licensed under the Apache License, Version 2.0 (the "License");
# you may not use this file except in compliance with the License.
# You may obtain a copy of the License at
#
#     http://www.apache.org/licenses/LICENSE-2.0
#
# Unless required by applicable law or agreed to in writing, software
# distributed under the License is distributed on an "AS IS" BASIS,
# WITHOUT WARRANTIES OR CONDITIONS OF ANY KIND, either express or implied.
# See the License for the specific language governing permissions and
# limitations under the License.
#


---
 -
  description: "CONVERT_TIMEZONE"
  input: "=(CONVERT_TIMEZONE('America/Los_Angeles':VARCHAR(19), 'America/New_York':VARCHAR(16), $0), 2020-08-05)"
  output: "=($0, CONVERT_TIMEZONE('America/New_York':VARCHAR(16), 'America/Los_Angeles':VARCHAR(19), 2020-08-05))"
 -
  description: "CONVERT_TIMEZONE"
  input: "<>(CONVERT_TIMEZONE('America/Los_Angeles':VARCHAR(19), 'America/New_York':VARCHAR(16), $0), 2020-08-05)"
  output: "<>($0, CONVERT_TIMEZONE('America/New_York':VARCHAR(16), 'America/Los_Angeles':VARCHAR(19), 2020-08-05))"
 -
  description: "CONVERT_TIMEZONE"
  input: ">(CONVERT_TIMEZONE('America/Los_Angeles':VARCHAR(19), 'America/New_York':VARCHAR(16), $0), 2020-08-05)"
  output: ">($0, CONVERT_TIMEZONE('America/New_York':VARCHAR(16), 'America/Los_Angeles':VARCHAR(19), 2020-08-05))"
 -
  description: "CONVERT_TIMEZONE"
  input: ">=(CONVERT_TIMEZONE('America/Los_Angeles':VARCHAR(19), 'America/New_York':VARCHAR(16), $0), 2020-08-05)"
  output: ">=($0, CONVERT_TIMEZONE('America/New_York':VARCHAR(16), 'America/Los_Angeles':VARCHAR(19), 2020-08-05))"
 -
  description: "CONVERT_TIMEZONE"
  input: "<(CONVERT_TIMEZONE('America/Los_Angeles':VARCHAR(19), 'America/New_York':VARCHAR(16), $0), 2020-08-05)"
  output: "<($0, CONVERT_TIMEZONE('America/New_York':VARCHAR(16), 'America/Los_Angeles':VARCHAR(19), 2020-08-05))"
 -
  description: "CONVERT_TIMEZONE"
  input: "<=(CONVERT_TIMEZONE('America/Los_Angeles':VARCHAR(19), 'America/New_York':VARCHAR(16), $0), 2020-08-05)"
  output: "<=($0, CONVERT_TIMEZONE('America/New_York':VARCHAR(16), 'America/Los_Angeles':VARCHAR(19), 2020-08-05))"
 -
  description: "CONVERT_TIMEZONE"
  input: "=(CONVERT_TIMEZONE('America/New_York':VARCHAR(16), $0), 2020-08-05)"
  output: "=(CONVERT_TIMEZONE('America/New_York':VARCHAR(16), $0), 2020-08-05)"
 -
  description: "CONVERT_TIMEZONE"
  input: "<>(CONVERT_TIMEZONE('America/New_York':VARCHAR(16), $0), 2020-08-05)"
  output: "<>(CONVERT_TIMEZONE('America/New_York':VARCHAR(16), $0), 2020-08-05)"
 -
  description: "CONVERT_TIMEZONE"
  input: ">(CONVERT_TIMEZONE('America/New_York':VARCHAR(16), $0), 2020-08-05)"
  output: ">(CONVERT_TIMEZONE('America/New_York':VARCHAR(16), $0), 2020-08-05)"
 -
  description: "CONVERT_TIMEZONE"
  input: ">=(CONVERT_TIMEZONE('America/New_York':VARCHAR(16), $0), 2020-08-05)"
  output: ">=(CONVERT_TIMEZONE('America/New_York':VARCHAR(16), $0), 2020-08-05)"
 -
  description: "CONVERT_TIMEZONE"
  input: "<(CONVERT_TIMEZONE('America/New_York':VARCHAR(16), $0), 2020-08-05)"
  output: "<(CONVERT_TIMEZONE('America/New_York':VARCHAR(16), $0), 2020-08-05)"
 -
  description: "CONVERT_TIMEZONE"
  input: "<=(CONVERT_TIMEZONE('America/New_York':VARCHAR(16), $0), 2020-08-05)"
  output: "<=(CONVERT_TIMEZONE('America/New_York':VARCHAR(16), $0), 2020-08-05)"

