#
# Copyright (C) 2017-2019 Dremio Corporation
#
# Licensed under the Apache License, Version 2.0 (the "License");
# you may not use this file except in compliance with the License.
# You may obtain a copy of the License at
#
#     http://www.apache.org/licenses/LICENSE-2.0
#
# Unless required by applicable law or agreed to in writing, software
# distributed under the License is distributed on an "AS IS" BASIS,
# WITHOUT WARRANTIES OR CONDITIONS OF ANY KIND, either express or implied.
# See the License for the specific language governing permissions and
# limitations under the License.
#


---
 -
  description: "DATE_TRUNC"
  input: "=(DATE_TRUNC('HOUR':VARCHAR(4), $1), 2020-08-01 00:00:00)"
  output: "AND(>=($1, DATE_TRUNC('HOUR':VARCHAR(4), 2020-08-01 00:00:00:TIMESTAMP(3))), <($1, DATE_TRUNC('HOUR':VARCHAR(4), DATE_ADD(2020-08-01 00:00:00:TIMESTAMP(3), 3600000:INTERVAL HOUR))))"
 -
  description: "DATE_TRUNC"
  input: "<>(DATE_TRUNC('HOUR':VARCHAR(4), $1), 2020-08-01 00:00:00)"
  output: "OR(<($1, DATE_TRUNC('HOUR':VARCHAR(4), 2020-08-01 00:00:00:TIMESTAMP(3))), >=($1, DATE_TRUNC('HOUR':VARCHAR(4), DATE_ADD(2020-08-01 00:00:00:TIMESTAMP(3), 3600000:INTERVAL HOUR))))"
 -
  description: "DATE_TRUNC"
  input: ">(DATE_TRUNC('HOUR':VARCHAR(4), $1), 2020-08-01 00:00:00)"
  output: ">=($1, DATE_TRUNC('HOUR':VARCHAR(4), DATE_ADD(2020-08-01 00:00:00:TIMESTAMP(3), 3600000:INTERVAL HOUR)))"
 -
  description: "DATE_TRUNC"
  input: ">=(DATE_TRUNC('HOUR':VARCHAR(4), $1), 2020-08-01 00:00:00)"
  output: ">=($1, DATE_TRUNC('HOUR':VARCHAR(4), 2020-08-01 00:00:00:TIMESTAMP(3)))"
 -
  description: "DATE_TRUNC"
  input: "<(DATE_TRUNC('HOUR':VARCHAR(4), $1), 2020-08-01 00:00:00)"
  output: "<($1, DATE_TRUNC('HOUR':VARCHAR(4), 2020-08-01 00:00:00:TIMESTAMP(3)))"
 -
  description: "DATE_TRUNC"
  input: "<=(DATE_TRUNC('HOUR':VARCHAR(4), $1), 2020-08-01 00:00:00)"
  output: "<($1, DATE_TRUNC('HOUR':VARCHAR(4), DATE_ADD(2020-08-01 00:00:00:TIMESTAMP(3), 3600000:INTERVAL HOUR)))"

