#
# Copyright (C) 2017-2019 Dremio Corporation
#
# Licensed under the Apache License, Version 2.0 (the "License");
# you may not use this file except in compliance with the License.
# You may obtain a copy of the License at
#
#     http://www.apache.org/licenses/LICENSE-2.0
#
# Unless required by applicable law or agreed to in writing, software
# distributed under the License is distributed on an "AS IS" BASIS,
# WITHOUT WARRANTIES OR CONDITIONS OF ANY KIND, either express or implied.
# See the License for the specific language governing permissions and
# limitations under the License.
#


---
 -
  description: "simpleCompound: (a < 1 AND dir0 in (2,3))"
  input: "AND(<($0, 1), OR(=($1, 2), =($1, 3)))"
  output: "OR(=($1, 2), =($1, 3))"
 -
  description: "badFunc (dir0 || 1)"
  input: "||($0, $1)"
 -
  description: "twoLevelDir: (dir0 = 1 and dir1 = 2) OR (dir0 = 3 and dir1 = 4)"
  input: "OR(AND(=($1, 1), =($2, 2)), AND(=($1, 3), =($2, 4)))"
  output: "OR(AND(=($1, 1), =($2, 2)), AND(=($1, 3), =($2, 4)))"
 -
  description: "badOr: (dir0 = 1 and dir1 = 2) OR (a < 5)"
  input: "OR(AND(=($1, 1), =($2, 2)), <($0, 5))"
 -
  description: "disjunctiveNormalForm (a, dir0) IN ((0, 1), (2, 3))"
  input: "OR(AND(=($0, 0), =($1, 1)), AND(=($0, 2), =($1, 3)))"
  output: "OR(=($1, 1), =($1, 3))"
 -
  description: "Large DNF (a, dir0) IN (....)"
  input: "OR(AND(=($0, 0), =($1, 0)), AND(=($0, 1), =($1, 1)), AND(=($0, 2), =($1, 2)), AND(=($0, 3), =($1, 3)), AND(=($0, 4), =($1, 4)), AND(=($0, 5), =($1, 5)), AND(=($0, 6), =($1, 6)), AND(=($0, 7), =($1, 7)), AND(=($0, 8), =($1, 8)), AND(=($0, 9), =($1, 9)), AND(=($0, 10), =($1, 10)), AND(=($0, 11), =($1, 11)), AND(=($0, 12), =($1, 12)), AND(=($0, 13), =($1, 13)), AND(=($0, 14), =($1, 14)), AND(=($0, 15), =($1, 15)), AND(=($0, 16), =($1, 16)), AND(=($0, 17), =($1, 17)), AND(=($0, 18), =($1, 18)), AND(=($0, 19), =($1, 19)), AND(=($0, 20), =($1, 20)), AND(=($0, 21), =($1, 21)), AND(=($0, 22), =($1, 22)), AND(=($0, 23), =($1, 23)), AND(=($0, 24), =($1, 24)), AND(=($0, 25), =($1, 25)), AND(=($0, 26), =($1, 26)), AND(=($0, 27), =($1, 27)), AND(=($0, 28), =($1, 28)), AND(=($0, 29), =($1, 29)), AND(=($0, 30), =($1, 30)), AND(=($0, 31), =($1, 31)), AND(=($0, 32), =($1, 32)), AND(=($0, 33), =($1, 33)), AND(=($0, 34), =($1, 34)), AND(=($0, 35), =($1, 35)), AND(=($0, 36), =($1, 36)), AND(=($0, 37), =($1, 37)), AND(=($0, 38), =($1, 38)), AND(=($0, 39), =($1, 39)), AND(=($0, 40), =($1, 40)), AND(=($0, 41), =($1, 41)), AND(=($0, 42), =($1, 42)), AND(=($0, 43), =($1, 43)), AND(=($0, 44), =($1, 44)), AND(=($0, 45), =($1, 45)), AND(=($0, 46), =($1, 46)), AND(=($0, 47), =($1, 47)), AND(=($0, 48), =($1, 48)), AND(=($0, 49), =($1, 49)), AND(=($0, 50), =($1, 50)), AND(=($0, 51), =($1, 51)), AND(=($0, 52), =($1, 52)), AND(=($0, 53), =($1, 53)), AND(=($0, 54), =($1, 54)), AND(=($0, 55), =($1, 55)), AND(=($0, 56), =($1, 56)), AND(=($0, 57), =($1, 57)), AND(=($0, 58), =($1, 58)), AND(=($0, 59), =($1, 59)), AND(=($0, 60), =($1, 60)), AND(=($0, 61), =($1, 61)), AND(=($0, 62), =($1, 62)), AND(=($0, 63), =($1, 63)), AND(=($0, 64), =($1, 64)), AND(=($0, 65), =($1, 65)), AND(=($0, 66), =($1, 66)), AND(=($0, 67), =($1, 67)), AND(=($0, 68), =($1, 68)), AND(=($0, 69), =($1, 69)), AND(=($0, 70), =($1, 70)), AND(=($0, 71), =($1, 71)), AND(=($0, 72), =($1, 72)), AND(=($0, 73), =($1, 73)), AND(=($0, 74), =($1, 74)), AND(=($0, 75), =($1, 75)), AND(=($0, 76), =($1, 76)), AND(=($0, 77), =($1, 77)), AND(=($0, 78), =($1, 78)), AND(=($0, 79), =($1, 79)), AND(=($0, 80), =($1, 80)), AND(=($0, 81), =($1, 81)), AND(=($0, 82), =($1, 82)), AND(=($0, 83), =($1, 83)), AND(=($0, 84), =($1, 84)), AND(=($0, 85), =($1, 85)), AND(=($0, 86), =($1, 86)), AND(=($0, 87), =($1, 87)), AND(=($0, 88), =($1, 88)), AND(=($0, 89), =($1, 89)), AND(=($0, 90), =($1, 90)), AND(=($0, 91), =($1, 91)), AND(=($0, 92), =($1, 92)), AND(=($0, 93), =($1, 93)), AND(=($0, 94), =($1, 94)), AND(=($0, 95), =($1, 95)), AND(=($0, 96), =($1, 96)), AND(=($0, 97), =($1, 97)), AND(=($0, 98), =($1, 98)), AND(=($0, 99), =($1, 99)))"
  output: "OR(=($1, 0), =($1, 1), =($1, 2), =($1, 3), =($1, 4), =($1, 5), =($1, 6), =($1, 7), =($1, 8), =($1, 9), =($1, 10), =($1, 11), =($1, 12), =($1, 13), =($1, 14), =($1, 15), =($1, 16), =($1, 17), =($1, 18), =($1, 19), =($1, 20), =($1, 21), =($1, 22), =($1, 23), =($1, 24), =($1, 25), =($1, 26), =($1, 27), =($1, 28), =($1, 29), =($1, 30), =($1, 31), =($1, 32), =($1, 33), =($1, 34), =($1, 35), =($1, 36), =($1, 37), =($1, 38), =($1, 39), =($1, 40), =($1, 41), =($1, 42), =($1, 43), =($1, 44), =($1, 45), =($1, 46), =($1, 47), =($1, 48), =($1, 49), =($1, 50), =($1, 51), =($1, 52), =($1, 53), =($1, 54), =($1, 55), =($1, 56), =($1, 57), =($1, 58), =($1, 59), =($1, 60), =($1, 61), =($1, 62), =($1, 63), =($1, 64), =($1, 65), =($1, 66), =($1, 67), =($1, 68), =($1, 69), =($1, 70), =($1, 71), =($1, 72), =($1, 73), =($1, 74), =($1, 75), =($1, 76), =($1, 77), =($1, 78), =($1, 79), =($1, 80), =($1, 81), =($1, 82), =($1, 83), =($1, 84), =($1, 85), =($1, 86), =($1, 87), =($1, 88), =($1, 89), =($1, 90), =($1, 91), =($1, 92), =($1, 93), =($1, 94), =($1, 95), =($1, 96), =($1, 97), =($1, 98), =($1, 99))"
